Archive member included to satisfy reference by file (symbol)

d:/stm32cubemx/gcc-arm-none-eabi-10.3-2021.10-win32/gcc-arm-none-eabi-10.3-2021.10/bin/../lib/gcc/arm-none-eabi/10.3.1/thumb/v7-m/nofp\libgcc.a(_arm_mulsf3.o)
                              CMakeFiles/My_First_project.elf.dir/Core/Src/main.c.obj (__aeabi_fmul)
d:/stm32cubemx/gcc-arm-none-eabi-10.3-2021.10-win32/gcc-arm-none-eabi-10.3-2021.10/bin/../lib/gcc/arm-none-eabi/10.3.1/thumb/v7-m/nofp\libgcc.a(_arm_addsubdf3.o)
                              CMakeFiles/My_First_project.elf.dir/Core/Src/main.c.obj (__aeabi_f2d)
d:/stm32cubemx/gcc-arm-none-eabi-10.3-2021.10-win32/gcc-arm-none-eabi-10.3-2021.10/bin/../lib/gcc/arm-none-eabi/10.3.1/thumb/v7-m/nofp\libgcc.a(_arm_truncdfsf2.o)
                              CMakeFiles/My_First_project.elf.dir/Core/Src/main.c.obj (__aeabi_d2f)
d:/stm32cubemx/gcc-arm-none-eabi-10.3-2021.10-win32/gcc-arm-none-eabi-10.3-2021.10/bin/../lib/gcc/arm-none-eabi/10.3.1/thumb/v7-m/nofp\libgcc.a(_arm_addsubsf3.o)
                              CMakeFiles/My_First_project.elf.dir/Core/Src/main.c.obj (__aeabi_fsub)
d:/stm32cubemx/gcc-arm-none-eabi-10.3-2021.10-win32/gcc-arm-none-eabi-10.3-2021.10/bin/../lib/gcc/arm-none-eabi/10.3.1/thumb/v7-m/nofp\libgcc.a(_arm_muldivsf3.o)
                              CMakeFiles/My_First_project.elf.dir/Core/Src/main.c.obj (__aeabi_fdiv)
d:/stm32cubemx/gcc-arm-none-eabi-10.3-2021.10-win32/gcc-arm-none-eabi-10.3-2021.10/bin/../lib/gcc/arm-none-eabi/10.3.1/thumb/v7-m/nofp\libgcc.a(_arm_cmpsf2.o)
                              CMakeFiles/My_First_project.elf.dir/Core/Src/main.c.obj (__aeabi_fcmplt)
d:/stm32cubemx/gcc-arm-none-eabi-10.3-2021.10-win32/gcc-arm-none-eabi-10.3-2021.10/bin/../lib/gcc/arm-none-eabi/10.3.1/thumb/v7-m/nofp\libgcc.a(_arm_fixunssfsi.o)
                              CMakeFiles/My_First_project.elf.dir/Core/Src/main.c.obj (__aeabi_f2uiz)
d:/stm32cubemx/gcc-arm-none-eabi-10.3-2021.10-win32/gcc-arm-none-eabi-10.3-2021.10/bin/../lib/gcc/arm-none-eabi/10.3.1/../../../../arm-none-eabi/lib/thumb/v7-m/nofp\libg.a(lib_a-atof.o)
                              CMakeFiles/My_First_project.elf.dir/Core/Src/main.c.obj (atof)
d:/stm32cubemx/gcc-arm-none-eabi-10.3-2021.10-win32/gcc-arm-none-eabi-10.3-2021.10/bin/../lib/gcc/arm-none-eabi/10.3.1/../../../../arm-none-eabi/lib/thumb/v7-m/nofp\libg.a(lib_a-atoi.o)
                              CMakeFiles/My_First_project.elf.dir/Core/Src/main.c.obj (atoi)
d:/stm32cubemx/gcc-arm-none-eabi-10.3-2021.10-win32/gcc-arm-none-eabi-10.3-2021.10/bin/../lib/gcc/arm-none-eabi/10.3.1/../../../../arm-none-eabi/lib/thumb/v7-m/nofp\libg.a(lib_a-errno.o)
                              CMakeFiles/My_First_project.elf.dir/Core/Src/syscalls.c.obj (__errno)
d:/stm32cubemx/gcc-arm-none-eabi-10.3-2021.10-win32/gcc-arm-none-eabi-10.3-2021.10/bin/../lib/gcc/arm-none-eabi/10.3.1/../../../../arm-none-eabi/lib/thumb/v7-m/nofp\libg.a(lib_a-exit.o)
                              d:/stm32cubemx/gcc-arm-none-eabi-10.3-2021.10-win32/gcc-arm-none-eabi-10.3-2021.10/bin/../lib/gcc/arm-none-eabi/10.3.1/../../../../arm-none-eabi/lib/thumb/v7-m/nofp/crt0.o (exit)
d:/stm32cubemx/gcc-arm-none-eabi-10.3-2021.10-win32/gcc-arm-none-eabi-10.3-2021.10/bin/../lib/gcc/arm-none-eabi/10.3.1/../../../../arm-none-eabi/lib/thumb/v7-m/nofp\libg.a(lib_a-impure.o)
                              d:/stm32cubemx/gcc-arm-none-eabi-10.3-2021.10-win32/gcc-arm-none-eabi-10.3-2021.10/bin/../lib/gcc/arm-none-eabi/10.3.1/../../../../arm-none-eabi/lib/thumb/v7-m/nofp\libg.a(lib_a-exit.o) (_global_impure_ptr)
d:/stm32cubemx/gcc-arm-none-eabi-10.3-2021.10-win32/gcc-arm-none-eabi-10.3-2021.10/bin/../lib/gcc/arm-none-eabi/10.3.1/../../../../arm-none-eabi/lib/thumb/v7-m/nofp\libg.a(lib_a-init.o)
                              d:/stm32cubemx/gcc-arm-none-eabi-10.3-2021.10-win32/gcc-arm-none-eabi-10.3-2021.10/bin/../lib/gcc/arm-none-eabi/10.3.1/../../../../arm-none-eabi/lib/thumb/v7-m/nofp/crt0.o (__libc_init_array)
d:/stm32cubemx/gcc-arm-none-eabi-10.3-2021.10-win32/gcc-arm-none-eabi-10.3-2021.10/bin/../lib/gcc/arm-none-eabi/10.3.1/../../../../arm-none-eabi/lib/thumb/v7-m/nofp\libg.a(lib_a-memset.o)
                              d:/stm32cubemx/gcc-arm-none-eabi-10.3-2021.10-win32/gcc-arm-none-eabi-10.3-2021.10/bin/../lib/gcc/arm-none-eabi/10.3.1/../../../../arm-none-eabi/lib/thumb/v7-m/nofp/crt0.o (memset)
d:/stm32cubemx/gcc-arm-none-eabi-10.3-2021.10-win32/gcc-arm-none-eabi-10.3-2021.10/bin/../lib/gcc/arm-none-eabi/10.3.1/../../../../arm-none-eabi/lib/thumb/v7-m/nofp\libg.a(lib_a-printf.o)
                              CMakeFiles/My_First_project.elf.dir/Core/Src/main.c.obj (printf)
d:/stm32cubemx/gcc-arm-none-eabi-10.3-2021.10-win32/gcc-arm-none-eabi-10.3-2021.10/bin/../lib/gcc/arm-none-eabi/10.3.1/../../../../arm-none-eabi/lib/thumb/v7-m/nofp\libg.a(lib_a-puts.o)
                              CMakeFiles/My_First_project.elf.dir/Core/Src/main.c.obj (puts)
[...]
Memory Configuration

Name             Origin             Length             Attributes
RAM              0x20000000         0x00005000         xrw
FLASH            0x08000000         0x00010000         xr
*default*        0x00000000         0xffffffff

Linker script and memory map

LOAD d:/stm32cubemx/gcc-arm-none-eabi-10.3-2021.10-win32/gcc-arm-none-eabi-10.3-2021.10/bin/../lib/gcc/arm-none-eabi/10.3.1/thumb/v7-m/nofp/crti.o
LOAD d:/stm32cubemx/gcc-arm-none-eabi-10.3-2021.10-win32/gcc-arm-none-eabi-10.3-2021.10/bin/../lib/gcc/arm-none-eabi/10.3.1/thumb/v7-m/nofp/crtbegin.o
LOAD d:/stm32cubemx/gcc-arm-none-eabi-10.3-2021.10-win32/gcc-arm-none-eabi-10.3-2021.10/bin/../lib/gcc/arm-none-eabi/10.3.1/../../../../arm-none-eabi/lib/thumb/v7-m/nofp/crt0.o
LOAD CMakeFiles/My_First_project.elf.dir/Core/Src/gpio.c.obj
LOAD CMakeFiles/My_First_project.elf.dir/Core/Src/main.c.obj
LOAD CMakeFiles/My_First_project.elf.dir/Core/Src/stm32f1xx_hal_msp.c.obj
LOAD CMakeFiles/My_First_project.elf.dir/Core/Src/stm32f1xx_it.c.obj
LOAD CMakeFiles/My_First_project.elf.dir/Core/Src/syscalls.c.obj
LOAD CMakeFiles/My_First_project.elf.dir/Core/Src/system_stm32f1xx.c.obj
LOAD CMakeFiles/My_First_project.elf.dir/Core/Src/tim.c.obj
LOAD CMakeFiles/My_First_project.elf.dir/Core/Src/usart.c.obj
LOAD CMakeFiles/My_First_project.elf.dir/Drivers/STM32F1xx_HAL_Driver/Src/stm32f1xx_hal.c.obj
LOAD CMakeFiles/My_First_project.elf.dir/Drivers/STM32F1xx_HAL_Driver/Src/stm32f1xx_hal_cortex.c.obj
LOAD CMakeFiles/My_First_project.elf.dir/Drivers/STM32F1xx_HAL_Driver/Src/stm32f1xx_hal_dma.c.obj
LOAD CMakeFiles/My_First_project.elf.dir/Drivers/STM32F1xx_HAL_Driver/Src/stm32f1xx_hal_exti.c.obj
LOAD CMakeFiles/My_First_project.elf.dir/Drivers/STM32F1xx_HAL_Driver/Src/stm32f1xx_hal_flash.c.obj
LOAD CMakeFiles/My_First_project.elf.dir/Drivers/STM32F1xx_HAL_Driver/Src/stm32f1xx_hal_flash_ex.c.obj
LOAD CMakeFiles/My_First_project.elf.dir/Drivers/STM32F1xx_HAL_Driver/Src/stm32f1xx_hal_gpio.c.obj
LOAD CMakeFiles/My_First_project.elf.dir/Drivers/STM32F1xx_HAL_Driver/Src/stm32f1xx_hal_gpio_ex.c.obj
LOAD CMakeFiles/My_First_project.elf.dir/Drivers/STM32F1xx_HAL_Driver/Src/stm32f1xx_hal_pwr.c.obj
LOAD CMakeFiles/My_First_project.elf.dir/Drivers/STM32F1xx_HAL_Driver/Src/stm32f1xx_hal_rcc.c.obj
LOAD CMakeFiles/My_First_project.elf.dir/Drivers/STM32F1xx_HAL_Driver/Src/stm32f1xx_hal_rcc_ex.c.obj
LOAD CMakeFiles/My_First_project.elf.dir/Drivers/STM32F1xx_HAL_Driver/Src/stm32f1xx_hal_tim.c.obj
LOAD CMakeFiles/My_First_project.elf.dir/Drivers/STM32F1xx_HAL_Driver/Src/stm32f1xx_hal_tim_ex.c.obj
LOAD CMakeFiles/My_First_project.elf.dir/Drivers/STM32F1xx_HAL_Driver/Src/stm32f1xx_hal_uart.c.obj
LOAD CMakeFiles/My_First_project.elf.dir/startup/startup_stm32f103xb.s.obj
START GROUP
LOAD d:/stm32cubemx/gcc-arm-none-eabi-10.3-2021.10-win32/gcc-arm-none-eabi-10.3-2021.10/bin/../lib/gcc/arm-none-eabi/10.3.1/thumb/v7-m/nofp\libgcc.a
LOAD d:/stm32cubemx/gcc-arm-none-eabi-10.3-2021.10-win32/gcc-arm-none-eabi-10.3-2021.10/bin/../lib/gcc/arm-none-eabi/10.3.1/../../../../arm-none-eabi/lib/thumb/v7-m/nofp\libg.a
LOAD d:/stm32cubemx/gcc-arm-none-eabi-10.3-2021.10-win32/gcc-arm-none-eabi-10.3-2021.10/bin/../lib/gcc/arm-none-eabi/10.3.1/../../../../arm-none-eabi/lib/thumb/v7-m/nofp\libc.a
END GROUP
LOAD d:/stm32cubemx/gcc-arm-none-eabi-10.3-2021.10-win32/gcc-arm-none-eabi-10.3-2021.10/bin/../lib/gcc/arm-none-eabi/10.3.1/thumb/v7-m/nofp/crtend.o
LOAD d:/stm32cubemx/gcc-arm-none-eabi-10.3-2021.10-win32/gcc-arm-none-eabi-10.3-2021.10/bin/../lib/gcc/arm-none-eabi/10.3.1/thumb/v7-m/nofp/crtn.o
                0x20005000                _estack = (ORIGIN (RAM) + LENGTH (RAM))
                0x00000200                _Min_Heap_Size = 0x200
                0x00000400                _Min_Stack_Size = 0x400

.isr_vector     0x08000000      0x10c
                0x08000000                . = ALIGN (0x4)
 *(.isr_vector)
 .isr_vector    0x08000000      0x10c CMakeFiles/My_First_project.elf.dir/startup/startup_stm32f103xb.s.obj
                0x08000000                g_pfnVectors
                0x0800010c                . = ALIGN (0x4)

.text           0x08000110     0xcc54
                0x08000110                . = ALIGN (0x4)
 *(.text)
 .text          0x08000110       0x40 d:/stm32cubemx/gcc-arm-none-eabi-10.3-2021.10-win32/gcc-arm-none-eabi-10.3-2021.10/bin/../lib/gcc/arm-none-eabi/10.3.1/thumb/v7-m/nofp/crtbegin.o
 .text          0x08000150      0x378 d:/stm32cubemx/gcc-arm-none-eabi-10.3-2021.10-win32/gcc-arm-none-eabi-10.3-2021.10/bin/../lib/gcc/arm-none-eabi/10.3.1/thumb/v7-m/nofp\libgcc.a(_arm_addsubdf3.o)
                0x08000150                __aeabi_drsub
                0x08000158                __aeabi_dsub
                0x08000158                __subdf3
                0x0800015c                __aeabi_dadd
                0x0800015c                __adddf3
                0x080003d4                __floatunsidf
                0x080003d4                __aeabi_ui2d
                0x080003f4                __floatsidf
                0x080003f4                __aeabi_i2d
                0x08000418                __aeabi_f2d
                0x08000418                __extendsfdf2
                0x0800045c                __floatundidf
                0x0800045c                __aeabi_ul2d
                0x0800046c                __floatdidf
                0x0800046c                __aeabi_l2d
 .text          0x080004c8       0xa0 d:/stm32cubemx/gcc-arm-none-eabi-10.3-2021.10-win32/gcc-arm-none-eabi-10.3-2021.10/bin/../lib/gcc/arm-none-eabi/10.3.1/thumb/v7-m/nofp\libgcc.a(_arm_truncdfsf2.o)
                0x080004c8                __truncdfsf2
                0x080004c8                __aeabi_d2f
 .text          0x08000568      0x21c d:/stm32cubemx/gcc-arm-none-eabi-10.3-2021.10-win32/gcc-arm-none-eabi-10.3-2021.10/bin/../lib/gcc/arm-none-eabi/10.3.1/thumb/v7-m/nofp\libgcc.a(_arm_addsubsf3.o)
                0x08000568                __aeabi_frsub
                0x08000570                __subsf3
                0x08000570                __aeabi_fsub
                0x08000574                __aeabi_fadd
                0x08000574                __addsf3
                0x080006d4                __aeabi_ui2f
                0x080006d4                __floatunsisf
                0x080006dc                __aeabi_i2f
                0x080006dc                __floatsisf
                0x080006f8                __aeabi_ul2f
                0x080006f8                __floatundisf
                0x08000708                __aeabi_l2f
                0x08000708                __floatdisf
 .text          0x08000784      0x2a0 d:/stm32cubemx/gcc-arm-none-eabi-10.3-2021.10-win32/gcc-arm-none-eabi-10.3-2021.10/bin/../lib/gcc/arm-none-eabi/10.3.1/thumb/v7-m/nofp\libgcc.a(_arm_muldivsf3.o)
                0x08000784                __mulsf3
                0x08000784                __aeabi_fmul
                0x080008ec                __aeabi_fdiv
                0x080008ec                __divsf3
 .text          0x08000a24       0xec d:/stm32cubemx/gcc-arm-none-eabi-10.3-2021.10-win32/gcc-arm-none-eabi-10.3-2021.10/bin/../lib/gcc/arm-none-eabi/10.3.1/thumb/v7-m/nofp\libgcc.a(_arm_cmpsf2.o)
                0x08000a24                __gesf2
                0x08000a24                __gtsf2
                0x08000a2c                __lesf2
                0x08000a2c                __ltsf2
                0x08000a34                __nesf2
                0x08000a34                __eqsf2
                0x08000a34                __cmpsf2
                0x08000a94                __aeabi_cfrcmple
                0x08000a9c                __aeabi_cfcmpeq
                0x08000a9c                __aeabi_cfcmple
                0x08000aac                __aeabi_fcmpeq
                0x08000ac0                __aeabi_fcmplt
                0x08000ad4                __aeabi_fcmple
                0x08000ae8                __aeabi_fcmpge
                0x08000afc                __aeabi_fcmpgt
 .text          0x08000b10       0x40 d:/stm32cubemx/gcc-arm-none-eabi-10.3-2021.10-win32/gcc-arm-none-eabi-10.3-2021.10/bin/../lib/gcc/arm-none-eabi/10.3.1/thumb/v7-m/nofp\libgcc.a(_arm_fixunssfsi.o)
                0x08000b10                __fixunssfsi
                0x08000b10                __aeabi_f2uiz
 .text          0x08000b50       0xec d:/stm32cubemx/gcc-arm-none-eabi-10.3-2021.10-win32/gcc-arm-none-eabi-10.3-2021.10/bin/../lib/gcc/arm-none-eabi/10.3.1/../../../../arm-none-eabi/lib/thumb/v7-m/nofp\libg.a(lib_a-memcpy.o)
                0x08000b50                memcpy
 .text          0x08000c3c      0x424 d:/stm32cubemx/gcc-arm-none-eabi-10.3-2021.10-win32/gcc-arm-none-eabi-10.3-2021.10/bin/../lib/gcc/arm-none-eabi/10.3.1/thumb/v7-m/nofp\libgcc.a(_arm_muldivdf3.o)
                0x08000c3c                __aeabi_dmul
                0x08000c3c                __muldf3
                0x08000e90                __divdf3
                0x08000e90                __aeabi_ddiv
 .text          0x08001060      0x110 d:/stm32cubemx/gcc-arm-none-eabi-10.3-2021.10-win32/gcc-arm-none-eabi-10.3-2021.10/bin/../lib/gcc/arm-none-eabi/10.3.1/thumb/v7-m/nofp\libgcc.a(_arm_cmpdf2.o)
                0x08001060                __gtdf2
                0x08001060                __gedf2
                0x08001068                __ltdf2
                0x08001068                __ledf2
                0x08001070                __nedf2
                0x08001070                __eqdf2
                0x08001070                __cmpdf2
                0x080010ec                __aeabi_cdrcmple
                0x080010fc                __aeabi_cdcmpeq
                0x080010fc                __aeabi_cdcmple
                0x0800110c                __aeabi_dcmpeq
                0x08001120                __aeabi_dcmplt
                0x08001134                __aeabi_dcmple
                0x08001148                __aeabi_dcmpge
                0x0800115c                __aeabi_dcmpgt
 .text          0x08001170       0x2c d:/stm32cubemx/gcc-arm-none-eabi-10.3-2021.10-win32/gcc-arm-none-eabi-10.3-2021.10/bin/../lib/gcc/arm-none-eabi/10.3.1/thumb/v7-m/nofp\libgcc.a(_arm_unorddf2.o)
                0x08001170                __unorddf2
                0x08001170                __aeabi_dcmpun
 .text          0x0800119c       0x50 d:/stm32cubemx/gcc-arm-none-eabi-10.3-2021.10-win32/gcc-arm-none-eabi-10.3-2021.10/bin/../lib/gcc/arm-none-eabi/10.3.1/thumb/v7-m/nofp\libgcc.a(_arm_fixdfsi.o)
                0x0800119c                __aeabi_d2iz
                0x0800119c                __fixdfsi
 .text          0x080011ec       0x40 d:/stm32cubemx/gcc-arm-none-eabi-10.3-2021.10-win32/gcc-arm-none-eabi-10.3-2021.10/bin/../lib/gcc/arm-none-eabi/10.3.1/thumb/v7-m/nofp\libgcc.a(_arm_fixunsdfsi.o)
                0x080011ec                __aeabi_d2uiz
                0x080011ec                __fixunsdfsi
 .text          0x0800122c       0x30 d:/stm32cubemx/gcc-arm-none-eabi-10.3-2021.10-win32/gcc-arm-none-eabi-10.3-2021.10/bin/../lib/gcc/arm-none-eabi/10.3.1/thumb/v7-m/nofp\libgcc.a(_aeabi_uldivmod.o)
                0x0800122c                __aeabi_uldivmod
 .text          0x0800125c       0x34 d:/stm32cubemx/gcc-arm-none-eabi-10.3-2021.10-win32/gcc-arm-none-eabi-10.3-2021.10/bin/../lib/gcc/arm-none-eabi/10.3.1/thumb/v7-m/nofp\libgcc.a(_fixdfdi.o)
                0x0800125c                __fixdfdi
                0x0800125c                __aeabi_d2lz
 .text          0x08001290       0x3c d:/stm32cubemx/gcc-arm-none-eabi-10.3-2021.10-win32/gcc-arm-none-eabi-10.3-2021.10/bin/../lib/gcc/arm-none-eabi/10.3.1/thumb/v7-m/nofp\libgcc.a(_fixunsdfdi.o)
                0x08001290                __fixunsdfdi
                0x08001290                __aeabi_d2ulz
 .text          0x080012cc      0x2d4 d:/stm32cubemx/gcc-arm-none-eabi-10.3-2021.10-win32/gcc-arm-none-eabi-10.3-2021.10/bin/../lib/gcc/arm-none-eabi/10.3.1/thumb/v7-m/nofp\libgcc.a(_udivmoddi4.o)
                0x080012cc                __udivmoddi4
 .text          0x080015a0        0x4 d:/stm32cubemx/gcc-arm-none-eabi-10.3-2021.10-win32/gcc-arm-none-eabi-10.3-2021.10/bin/../lib/gcc/arm-none-eabi/10.3.1/thumb/v7-m/nofp\libgcc.a(_dvmd_tls.o)
                0x080015a0                __aeabi_idiv0
                0x080015a0                __aeabi_ldiv0
 *(.text*)
 .text.MX_GPIO_Init
                0x080015a4       0xb8 CMakeFiles/My_First_project.elf.dir/Core/Src/gpio.c.obj
                0x080015a4                MX_GPIO_Init
 .text._write   0x0800165c       0x18 CMakeFiles/My_First_project.elf.dir/Core/Src/main.c.obj
                0x0800165c                _write
 .text.HAL_UART_RxCpltCallback
                0x08001674       0x78 CMakeFiles/My_First_project.elf.dir/Core/Src/main.c.obj
                0x08001674                HAL_UART_RxCpltCallback
 *fill*         0x080016ec        0x4 
 .text.TestCommandProcess
                0x080016f0      0x7e4 CMakeFiles/My_First_project.elf.dir/Core/Src/main.c.obj
                0x080016f0                TestCommandProcess
 .text.SendDetailedData
                0x08001ed4       0xf4 CMakeFiles/My_First_project.elf.dir/Core/Src/main.c.obj
                0x08001ed4                SendDetailedData
 .text.SendStatusInfo
                0x08001fc8      0x100 CMakeFiles/My_First_project.elf.dir/Core/Src/main.c.obj
                0x08001fc8                SendStatusInfo
 .text.ReadButton
                0x080020c8        0xe CMakeFiles/My_First_project.elf.dir/Core/Src/main.c.obj
                0x080020c8                ReadButton
 *fill*         0x080020d6        0x2 
 .text.ProcessButtons
                0x080020d8      0x298 CMakeFiles/My_First_project.elf.dir/Core/Src/main.c.obj
                0x080020d8                ProcessButtons
 .text.SpeedPIDControl
                0x08002370       0xd4 CMakeFiles/My_First_project.elf.dir/Core/Src/main.c.obj
                0x08002370                SpeedPIDControl
 .text.PositionPIDControl
                0x08002444       0xd8 CMakeFiles/My_First_project.elf.dir/Core/Src/main.c.obj
                0x08002444                PositionPIDControl
 .text.SystemClock_Config
                0x0800251c       0x54 CMakeFiles/My_First_project.elf.dir/Core/Src/main.c.obj
                0x0800251c                SystemClock_Config
 .text.main     0x08002570      0x3fc CMakeFiles/My_First_project.elf.dir/Core/Src/main.c.obj
                0x08002570                main
 .text.Error_Handler
                0x0800296c        0x4 CMakeFiles/My_First_project.elf.dir/Core/Src/main.c.obj
                0x0800296c                Error_Handler
 .text.HAL_TIM_PeriodElapsedCallback
                0x08002970       0x84 CMakeFiles/My_First_project.elf.dir/Core/Src/main.c.obj
                0x08002970                HAL_TIM_PeriodElapsedCallback
 .text.HAL_MspInit
                0x080029f4       0x44 CMakeFiles/My_First_project.elf.dir/Core/Src/stm32f1xx_hal_msp.c.obj
                0x080029f4                HAL_MspInit
 .text.NMI_Handler
                0x08002a38        0x2 CMakeFiles/My_First_project.elf.dir/Core/Src/stm32f1xx_it.c.obj
                0x08002a38                NMI_Handler
 .text.HardFault_Handler
                0x08002a3a        0x2 CMakeFiles/My_First_project.elf.dir/Core/Src/stm32f1xx_it.c.obj
                0x08002a3a                HardFault_Handler
 .text.MemManage_Handler
                0x08002a3c        0x2 CMakeFiles/My_First_project.elf.dir/Core/Src/stm32f1xx_it.c.obj
                0x08002a3c                MemManage_Handler
 .text.BusFault_Handler
                0x08002a3e        0x2 CMakeFiles/My_First_project.elf.dir/Core/Src/stm32f1xx_it.c.obj
                0x08002a3e                BusFault_Handler
 .text.UsageFault_Handler
                0x08002a40        0x2 CMakeFiles/My_First_project.elf.dir/Core/Src/stm32f1xx_it.c.obj
                0x08002a40                UsageFault_Handler
 .text.SVC_Handler
                0x08002a42        0x2 CMakeFiles/My_First_project.elf.dir/Core/Src/stm32f1xx_it.c.obj
                0x08002a42                SVC_Handler
 .text.DebugMon_Handler
                0x08002a44        0x2 CMakeFiles/My_First_project.elf.dir/Core/Src/stm32f1xx_it.c.obj
                0x08002a44                DebugMon_Handler
 .text.PendSV_Handler
                0x08002a46        0x2 CMakeFiles/My_First_project.elf.dir/Core/Src/stm32f1xx_it.c.obj
                0x08002a46                PendSV_Handler
 .text.SysTick_Handler
                0x08002a48        0x8 CMakeFiles/My_First_project.elf.dir/Core/Src/stm32f1xx_it.c.obj
                0x08002a48                SysTick_Handler
 .text.TIM3_IRQHandler
                0x08002a50       0x10 CMakeFiles/My_First_project.elf.dir/Core/Src/stm32f1xx_it.c.obj
                0x08002a50                TIM3_IRQHandler
 .text.USART2_IRQHandler
                0x08002a60       0x10 CMakeFiles/My_First_project.elf.dir/Core/Src/stm32f1xx_it.c.obj
                0x08002a60                USART2_IRQHandler
 .text._getpid  0x08002a70        0x4 CMakeFiles/My_First_project.elf.dir/Core/Src/syscalls.c.obj
                0x08002a70                _getpid
 .text._kill    0x08002a74       0x10 CMakeFiles/My_First_project.elf.dir/Core/Src/syscalls.c.obj
                0x08002a74                _kill
 .text._exit    0x08002a84        0xc CMakeFiles/My_First_project.elf.dir/Core/Src/syscalls.c.obj
                0x08002a84                _exit
 .text._read    0x08002a90       0x20 CMakeFiles/My_First_project.elf.dir/Core/Src/syscalls.c.obj
                0x08002a90                _read
 .text._sbrk    0x08002ab0       0x3c CMakeFiles/My_First_project.elf.dir/Core/Src/syscalls.c.obj
                0x08002ab0                _sbrk
 .text._close   0x08002aec        0x6 CMakeFiles/My_First_project.elf.dir/Core/Src/syscalls.c.obj
                0x08002aec                _close
 .text._fstat   0x08002af2        0xa CMakeFiles/My_First_project.elf.dir/Core/Src/syscalls.c.obj
                0x08002af2                _fstat
 .text._isatty  0x08002afc        0x4 CMakeFiles/My_First_project.elf.dir/Core/Src/syscalls.c.obj
                0x08002afc                _isatty
 .text._lseek   0x08002b00        0x4 CMakeFiles/My_First_project.elf.dir/Core/Src/syscalls.c.obj
                0x08002b00                _lseek
 .text.SystemInit
                0x08002b04        0x2 CMakeFiles/My_First_project.elf.dir/Core/Src/system_stm32f1xx.c.obj
                0x08002b04                SystemInit
 *fill*         0x08002b06        0x2 
 .text.MX_TIM2_Init
                0x08002b08       0x64 CMakeFiles/My_First_project.elf.dir/Core/Src/tim.c.obj
                0x08002b08                MX_TIM2_Init
 .text.MX_TIM3_Init
                0x08002b6c       0x70 CMakeFiles/My_First_project.elf.dir/Core/Src/tim.c.obj
                0x08002b6c                MX_TIM3_Init
 .text.HAL_TIM_PWM_MspInit
                0x08002bdc       0x2c CMakeFiles/My_First_project.elf.dir/Core/Src/tim.c.obj
                0x08002bdc                HAL_TIM_PWM_MspInit
 .text.HAL_TIM_Encoder_MspInit
                0x08002c08       0x58 CMakeFiles/My_First_project.elf.dir/Core/Src/tim.c.obj
                0x08002c08                HAL_TIM_Encoder_MspInit
 .text.HAL_TIM_Base_MspInit
                0x08002c60       0x40 CMakeFiles/My_First_project.elf.dir/Core/Src/tim.c.obj
                0x08002c60                HAL_TIM_Base_MspInit
 .text.HAL_TIM_MspPostInit
                0x08002ca0       0x50 CMakeFiles/My_First_project.elf.dir/Core/Src/tim.c.obj
                0x08002ca0                HAL_TIM_MspPostInit
 .text.MX_TIM1_Init
                0x08002cf0       0xb8 CMakeFiles/My_First_project.elf.dir/Core/Src/tim.c.obj
                0x08002cf0                MX_TIM1_Init
 .text.MX_USART2_UART_Init
                0x08002da8       0x2c CMakeFiles/My_First_project.elf.dir/Core/Src/usart.c.obj
                0x08002da8                MX_USART2_UART_Init
 .text.HAL_UART_MspInit
                0x08002dd4       0x88 CMakeFiles/My_First_project.elf.dir/Core/Src/usart.c.obj
                0x08002dd4                HAL_UART_MspInit
 .text.HAL_InitTick
                0x08002e5c       0x4c CMakeFiles/My_First_project.elf.dir/Drivers/STM32F1xx_HAL_Driver/Src/stm32f1xx_hal.c.obj
                0x08002e5c                HAL_InitTick
 .text.HAL_Init
                0x08002ea8       0x24 CMakeFiles/My_First_project.elf.dir/Drivers/STM32F1xx_HAL_Driver/Src/stm32f1xx_hal.c.obj
                0x08002ea8                HAL_Init
 .text.HAL_IncTick
                0x08002ecc       0x18 CMakeFiles/My_First_project.elf.dir/Drivers/STM32F1xx_HAL_Driver/Src/stm32f1xx_hal.c.obj
                0x08002ecc                HAL_IncTick
 .text.HAL_GetTick
                0x08002ee4        0xc CMakeFiles/My_First_project.elf.dir/Drivers/STM32F1xx_HAL_Driver/Src/stm32f1xx_hal.c.obj
                0x08002ee4                HAL_GetTick
 .text.HAL_NVIC_SetPriorityGrouping
                0x08002ef0       0x24 CMakeFiles/My_First_project.elf.dir/Drivers/STM32F1xx_HAL_Driver/Src/stm32f1xx_hal_cortex.c.obj
                0x08002ef0                HAL_NVIC_SetPriorityGrouping
 .text.HAL_NVIC_SetPriority
                0x08002f14       0x70 CMakeFiles/My_First_project.elf.dir/Drivers/STM32F1xx_HAL_Driver/Src/stm32f1xx_hal_cortex.c.obj
                0x08002f14                HAL_NVIC_SetPriority
 .text.HAL_NVIC_EnableIRQ
                0x08002f84       0x1c CMakeFiles/My_First_project.elf.dir/Drivers/STM32F1xx_HAL_Driver/Src/stm32f1xx_hal_cortex.c.obj
                0x08002f84                HAL_NVIC_EnableIRQ
 .text.HAL_SYSTICK_Config
                0x08002fa0       0x28 CMakeFiles/My_First_project.elf.dir/Drivers/STM32F1xx_HAL_Driver/Src/stm32f1xx_hal_cortex.c.obj
                0x08002fa0                HAL_SYSTICK_Config
 .text.HAL_DMA_Abort
                0x08002fc8       0x46 CMakeFiles/My_First_project.elf.dir/Drivers/STM32F1xx_HAL_Driver/Src/stm32f1xx_hal_dma.c.obj
                0x08002fc8                HAL_DMA_Abort
 *fill*         0x0800300e        0x2 
 .text.HAL_DMA_Abort_IT
                0x08003010       0x98 CMakeFiles/My_First_project.elf.dir/Drivers/STM32F1xx_HAL_Driver/Src/stm32f1xx_hal_dma.c.obj
                0x08003010                HAL_DMA_Abort_IT
 .text.HAL_GPIO_Init
                0x080030a8      0x224 CMakeFiles/My_First_project.elf.dir/Drivers/STM32F1xx_HAL_Driver/Src/stm32f1xx_hal_gpio.c.obj
                0x080030a8                HAL_GPIO_Init
 .text.HAL_GPIO_ReadPin
                0x080032cc        0xe CMakeFiles/My_First_project.elf.dir/Drivers/STM32F1xx_HAL_Driver/Src/stm32f1xx_hal_gpio.c.obj
                0x080032cc                HAL_GPIO_ReadPin
 .text.HAL_GPIO_WritePin
                0x080032da        0xc CMakeFiles/My_First_project.elf.dir/Drivers/STM32F1xx_HAL_Driver/Src/stm32f1xx_hal_gpio.c.obj
                0x080032da                HAL_GPIO_WritePin
 *fill*         0x080032e6        0x2 
 .text.RCC_Delay
                0x080032e8       0x2c CMakeFiles/My_First_project.elf.dir/Drivers/STM32F1xx_HAL_Driver/Src/stm32f1xx_hal_rcc.c.obj
 .text.HAL_RCC_OscConfig
                0x08003314      0x410 CMakeFiles/My_First_project.elf.dir/Drivers/STM32F1xx_HAL_Driver/Src/stm32f1xx_hal_rcc.c.obj
                0x08003314                HAL_RCC_OscConfig
 .text.HAL_RCC_GetSysClockFreq
                0x08003724       0x54 CMakeFiles/My_First_project.elf.dir/Drivers/STM32F1xx_HAL_Driver/Src/stm32f1xx_hal_rcc.c.obj
                0x08003724                HAL_RCC_GetSysClockFreq
 .text.HAL_RCC_ClockConfig
                0x08003778      0x16c CMakeFiles/My_First_project.elf.dir/Drivers/STM32F1xx_HAL_Driver/Src/stm32f1xx_hal_rcc.c.obj
                0x08003778                HAL_RCC_ClockConfig
 .text.HAL_RCC_GetHCLKFreq
                0x080038e4        0xc CMakeFiles/My_First_project.elf.dir/Drivers/STM32F1xx_HAL_Driver/Src/stm32f1xx_hal_rcc.c.obj
                0x080038e4                HAL_RCC_GetHCLKFreq
 .text.HAL_RCC_GetPCLK1Freq
                0x080038f0       0x20 CMakeFiles/My_First_project.elf.dir/Drivers/STM32F1xx_HAL_Driver/Src/stm32f1xx_hal_rcc.c.obj
                0x080038f0                HAL_RCC_GetPCLK1Freq
 .text.HAL_RCC_GetPCLK2Freq
                0x08003910       0x20 CMakeFiles/My_First_project.elf.dir/Drivers/STM32F1xx_HAL_Driver/Src/stm32f1xx_hal_rcc.c.obj
                0x08003910                HAL_RCC_GetPCLK2Freq
 .text.TIM_OC1_SetConfig
                0x08003930       0x5c CMakeFiles/My_First_project.elf.dir/Drivers/STM32F1xx_HAL_Driver/Src/stm32f1xx_hal_tim.c.obj
 .text.TIM_OC3_SetConfig
                0x0800398c       0x64 CMakeFiles/My_First_project.elf.dir/Drivers/STM32F1xx_HAL_Driver/Src/stm32f1xx_hal_tim.c.obj
 .text.TIM_OC4_SetConfig
                0x080039f0       0x48 CMakeFiles/My_First_project.elf.dir/Drivers/STM32F1xx_HAL_Driver/Src/stm32f1xx_hal_tim.c.obj
 .text.TIM_TI1_ConfigInputStage
                0x08003a38       0x24 CMakeFiles/My_First_project.elf.dir/Drivers/STM32F1xx_HAL_Driver/Src/stm32f1xx_hal_tim.c.obj
 .text.TIM_TI2_ConfigInputStage
                0x08003a5c       0x26 CMakeFiles/My_First_project.elf.dir/Drivers/STM32F1xx_HAL_Driver/Src/stm32f1xx_hal_tim.c.obj
 .text.TIM_ITRx_SetConfig
                0x08003a82       0x10 CMakeFiles/My_First_project.elf.dir/Drivers/STM32F1xx_HAL_Driver/Src/stm32f1xx_hal_tim.c.obj
 *fill*         0x08003a92        0x2 
 .text.HAL_TIM_Base_Start_IT
                0x08003a94       0x68 CMakeFiles/My_First_project.elf.dir/Drivers/STM32F1xx_HAL_Driver/Src/stm32f1xx_hal_tim.c.obj
                0x08003a94                HAL_TIM_Base_Start_IT
 .text.HAL_TIM_OC_DelayElapsedCallback
                0x08003afc        0x2 CMakeFiles/My_First_project.elf.dir/Drivers/STM32F1xx_HAL_Driver/Src/stm32f1xx_hal_tim.c.obj
                0x08003afc                HAL_TIM_OC_DelayElapsedCallback
 .text.HAL_TIM_IC_CaptureCallback
                0x08003afe        0x2 CMakeFiles/My_First_project.elf.dir/Drivers/STM32F1xx_HAL_Driver/Src/stm32f1xx_hal_tim.c.obj
                0x08003afe                HAL_TIM_IC_CaptureCallback
 .text.HAL_TIM_PWM_PulseFinishedCallback
                0x08003b00        0x2 CMakeFiles/My_First_project.elf.dir/Drivers/STM32F1xx_HAL_Driver/Src/stm32f1xx_hal_tim.c.obj
                0x08003b00                HAL_TIM_PWM_PulseFinishedCallback
 .text.HAL_TIM_TriggerCallback
                0x08003b02        0x2 CMakeFiles/My_First_project.elf.dir/Drivers/STM32F1xx_HAL_Driver/Src/stm32f1xx_hal_tim.c.obj
                0x08003b02                HAL_TIM_TriggerCallback
 .text.HAL_TIM_IRQHandler
                0x08003b04      0x15e CMakeFiles/My_First_project.elf.dir/Drivers/STM32F1xx_HAL_Driver/Src/stm32f1xx_hal_tim.c.obj
                0x08003b04                HAL_TIM_IRQHandler
 *fill*         0x08003c62        0x2 
 .text.TIM_Base_SetConfig
                0x08003c64       0x84 CMakeFiles/My_First_project.elf.dir/Drivers/STM32F1xx_HAL_Driver/Src/stm32f1xx_hal_tim.c.obj
                0x08003c64                TIM_Base_SetConfig
 .text.HAL_TIM_Base_Init
                0x08003ce8       0x58 CMakeFiles/My_First_project.elf.dir/Drivers/STM32F1xx_HAL_Driver/Src/stm32f1xx_hal_tim.c.obj
                0x08003ce8                HAL_TIM_Base_Init
 .text.HAL_TIM_PWM_Init
                0x08003d40       0x58 CMakeFiles/My_First_project.elf.dir/Drivers/STM32F1xx_HAL_Driver/Src/stm32f1xx_hal_tim.c.obj
                0x08003d40                HAL_TIM_PWM_Init
 .text.HAL_TIM_Encoder_Init
                0x08003d98       0xb8 CMakeFiles/My_First_project.elf.dir/Drivers/STM32F1xx_HAL_Driver/Src/stm32f1xx_hal_tim.c.obj
                0x08003d98                HAL_TIM_Encoder_Init
 .text.TIM_OC2_SetConfig
                0x08003e50       0x64 CMakeFiles/My_First_project.elf.dir/Drivers/STM32F1xx_HAL_Driver/Src/stm32f1xx_hal_tim.c.obj
                0x08003e50                TIM_OC2_SetConfig
 .text.HAL_TIM_PWM_ConfigChannel
                0x08003eb4       0xdc CMakeFiles/My_First_project.elf.dir/Drivers/STM32F1xx_HAL_Driver/Src/stm32f1xx_hal_tim.c.obj
                0x08003eb4                HAL_TIM_PWM_ConfigChannel
 .text.TIM_ETR_SetConfig
                0x08003f90       0x18 CMakeFiles/My_First_project.elf.dir/Drivers/STM32F1xx_HAL_Driver/Src/stm32f1xx_hal_tim.c.obj
                0x08003f90                TIM_ETR_SetConfig
 .text.HAL_TIM_ConfigClockSource
                0x08003fa8       0xfe CMakeFiles/My_First_project.elf.dir/Drivers/STM32F1xx_HAL_Driver/Src/stm32f1xx_hal_tim.c.obj
                0x08003fa8                HAL_TIM_ConfigClockSource
 .text.TIM_CCxChannelCmd
                0x080040a6       0x1e CMakeFiles/My_First_project.elf.dir/Drivers/STM32F1xx_HAL_Driver/Src/stm32f1xx_hal_tim.c.obj
                0x080040a6                TIM_CCxChannelCmd
 .text.HAL_TIM_PWM_Start
                0x080040c4       0xdc CMakeFiles/My_First_project.elf.dir/Drivers/STM32F1xx_HAL_Driver/Src/stm32f1xx_hal_tim.c.obj
                0x080040c4                HAL_TIM_PWM_Start
 .text.HAL_TIM_Encoder_Start
                0x080041a0       0xcc CMakeFiles/My_First_project.elf.dir/Drivers/STM32F1xx_HAL_Driver/Src/stm32f1xx_hal_tim.c.obj
                0x080041a0                HAL_TIM_Encoder_Start
 .text.HAL_TIMEx_MasterConfigSynchronization
                0x0800426c       0x6c CMakeFiles/My_First_project.elf.dir/Drivers/STM32F1xx_HAL_Driver/Src/stm32f1xx_hal_tim_ex.c.obj
                0x0800426c                HAL_TIMEx_MasterConfigSynchronization
 .text.HAL_TIMEx_ConfigBreakDeadTime
                0x080042d8       0x52 CMakeFiles/My_First_project.elf.dir/Drivers/STM32F1xx_HAL_Driver/Src/stm32f1xx_hal_tim_ex.c.obj
                0x080042d8                HAL_TIMEx_ConfigBreakDeadTime
 .text.HAL_TIMEx_CommutCallback
                0x0800432a        0x2 CMakeFiles/My_First_project.elf.dir/Drivers/STM32F1xx_HAL_Driver/Src/stm32f1xx_hal_tim_ex.c.obj
                0x0800432a                HAL_TIMEx_CommutCallback
 .text.HAL_TIMEx_BreakCallback
                0x0800432c        0x2 CMakeFiles/My_First_project.elf.dir/Drivers/STM32F1xx_HAL_Driver/Src/stm32f1xx_hal_tim_ex.c.obj
                0x0800432c                HAL_TIMEx_BreakCallback
 .text.UART_EndRxTransfer
                0x0800432e       0x5c CMakeFiles/My_First_project.elf.dir/Drivers/STM32F1xx_HAL_Driver/Src/stm32f1xx_hal_uart.c.obj
 .text.UART_Transmit_IT
                0x0800438a       0x60 CMakeFiles/My_First_project.elf.dir/Drivers/STM32F1xx_HAL_Driver/Src/stm32f1xx_hal_uart.c.obj
 *fill*         0x080043ea        0x2 
 .text.UART_SetConfig
                0x080043ec       0x94 CMakeFiles/My_First_project.elf.dir/Drivers/STM32F1xx_HAL_Driver/Src/stm32f1xx_hal_uart.c.obj
 .text.UART_WaitOnFlagUntilTimeout
                0x08004480       0x8a CMakeFiles/My_First_project.elf.dir/Drivers/STM32F1xx_HAL_Driver/Src/stm32f1xx_hal_uart.c.obj
 .text.HAL_UART_Init
                0x0800450a       0x60 CMakeFiles/My_First_project.elf.dir/Drivers/STM32F1xx_HAL_Driver/Src/stm32f1xx_hal_uart.c.obj
                0x0800450a                HAL_UART_Init
 .text.HAL_UART_Transmit
                0x0800456a       0xcc CMakeFiles/My_First_project.elf.dir/Drivers/STM32F1xx_HAL_Driver/Src/stm32f1xx_hal_uart.c.obj
                0x0800456a                HAL_UART_Transmit
 .text.HAL_UART_TxCpltCallback
                0x08004636        0x2 CMakeFiles/My_First_project.elf.dir/Drivers/STM32F1xx_HAL_Driver/Src/stm32f1xx_hal_uart.c.obj
                0x08004636                HAL_UART_TxCpltCallback
 .text.UART_EndTransmit_IT
                0x08004638       0x1a CMakeFiles/My_First_project.elf.dir/Drivers/STM32F1xx_HAL_Driver/Src/stm32f1xx_hal_uart.c.obj
 .text.HAL_UART_ErrorCallback
                0x08004652        0x2 CMakeFiles/My_First_project.elf.dir/Drivers/STM32F1xx_HAL_Driver/Src/stm32f1xx_hal_uart.c.obj
                0x08004652                HAL_UART_ErrorCallback
 .text.UART_DMAAbortOnError
                0x08004654       0x10 CMakeFiles/My_First_project.elf.dir/Drivers/STM32F1xx_HAL_Driver/Src/stm32f1xx_hal_uart.c.obj
 .text.HAL_UARTEx_RxEventCallback
                0x08004664        0x2 CMakeFiles/My_First_project.elf.dir/Drivers/STM32F1xx_HAL_Driver/Src/stm32f1xx_hal_uart.c.obj
                0x08004664                HAL_UARTEx_RxEventCallback
 .text.UART_Receive_IT
                0x08004666       0xe6 CMakeFiles/My_First_project.elf.dir/Drivers/STM32F1xx_HAL_Driver/Src/stm32f1xx_hal_uart.c.obj
 .text.HAL_UART_IRQHandler
                0x0800474c      0x288 CMakeFiles/My_First_project.elf.dir/Drivers/STM32F1xx_HAL_Driver/Src/stm32f1xx_hal_uart.c.obj
                0x0800474c                HAL_UART_IRQHandler
 .text.UART_Start_Receive_IT
                0x080049d4       0x36 CMakeFiles/My_First_project.elf.dir/Drivers/STM32F1xx_HAL_Driver/Src/stm32f1xx_hal_uart.c.obj
                0x080049d4                UART_Start_Receive_IT
 .text.HAL_UART_Receive_IT
                0x08004a0a       0x26 CMakeFiles/My_First_project.elf.dir/Drivers/STM32F1xx_HAL_Driver/Src/stm32f1xx_hal_uart.c.obj
                0x08004a0a                HAL_UART_Receive_IT
 .text.Reset_Handler
                0x08004a30       0x48 CMakeFiles/My_First_project.elf.dir/startup/startup_stm32f103xb.s.obj
                0x08004a30                Reset_Handler
 .text.Default_Handler
                0x08004a78        0x2 CMakeFiles/My_First_project.elf.dir/startup/startup_stm32f103xb.s.obj
                0x08004a78                RTC_Alarm_IRQHandler
                0x08004a78                EXTI2_IRQHandler
                0x08004a78                TIM1_CC_IRQHandler
                0x08004a78                PVD_IRQHandler
                0x08004a78                EXTI3_IRQHandler
                0x08004a78                EXTI0_IRQHandler
                0x08004a78                I2C2_EV_IRQHandler
                0x08004a78                ADC1_2_IRQHandler
                0x08004a78                SPI1_IRQHandler
                0x08004a78                TAMPER_IRQHandler
                0x08004a78                DMA1_Channel4_IRQHandler
                0x08004a78                USART3_IRQHandler
                0x08004a78                RTC_IRQHandler
                0x08004a78                DMA1_Channel7_IRQHandler
                0x08004a78                CAN1_RX1_IRQHandler
                0x08004a78                TIM4_IRQHandler
                0x08004a78                I2C1_EV_IRQHandler
                0x08004a78                DMA1_Channel6_IRQHandler
                0x08004a78                RCC_IRQHandler
                0x08004a78                TIM1_TRG_COM_IRQHandler
                0x08004a78                DMA1_Channel1_IRQHandler
                0x08004a78                Default_Handler
                0x08004a78                EXTI15_10_IRQHandler
                0x08004a78                EXTI9_5_IRQHandler
                0x08004a78                SPI2_IRQHandler
                0x08004a78                DMA1_Channel5_IRQHandler
                0x08004a78                EXTI4_IRQHandler
                0x08004a78                USB_LP_CAN1_RX0_IRQHandler
                0x08004a78                USB_HP_CAN1_TX_IRQHandler
                0x08004a78                DMA1_Channel3_IRQHandler
                0x08004a78                TIM1_UP_IRQHandler
                0x08004a78                WWDG_IRQHandler
                0x08004a78                TIM2_IRQHandler
                0x08004a78                TIM1_BRK_IRQHandler
                0x08004a78                EXTI1_IRQHandler
                0x08004a78                I2C2_ER_IRQHandler
                0x08004a78                DMA1_Channel2_IRQHandler
                0x08004a78                CAN1_SCE_IRQHandler
                0x08004a78                FLASH_IRQHandler
                0x08004a78                USART1_IRQHandler
                0x08004a78                I2C1_ER_IRQHandler
                0x08004a78                USBWakeUp_IRQHandler
 *fill*         0x08004a7a        0x2 
 .text.atof     0x08004a7c        0x8 d:/stm32cubemx/gcc-arm-none-eabi-10.3-2021.10-win32/gcc-arm-none-eabi-10.3-2021.10/bin/../lib/gcc/arm-none-eabi/10.3.1/../../../../arm-none-eabi/lib/thumb/v7-m/nofp\libg.a(lib_a-atof.o)
                0x08004a7c                atof
 .text.atoi     0x08004a84        0x8 d:/stm32cubemx/gcc-arm-none-eabi-10.3-2021.10-win32/gcc-arm-none-eabi-10.3-2021.10/bin/../lib/gcc/arm-none-eabi/10.3.1/../../../../arm-none-eabi/lib/thumb/v7-m/nofp\libg.a(lib_a-atoi.o)
                0x08004a84                atoi
 .text.__errno  0x08004a8c        0xc d:/stm32cubemx/gcc-arm-none-eabi-10.3-2021.10-win32/gcc-arm-none-eabi-10.3-2021.10/bin/../lib/gcc/arm-none-eabi/10.3.1/../../../../arm-none-eabi/lib/thumb/v7-m/nofp\libg.a(lib_a-errno.o)
                0x08004a8c                __errno
 .text.__libc_init_array
                0x08004a98       0x48 d:/stm32cubemx/gcc-arm-none-eabi-10.3-2021.10-win32/gcc-arm-none-eabi-10.3-2021.10/bin/../lib/gcc/arm-none-eabi/10.3.1/../../../../arm-none-eabi/lib/thumb/v7-m/nofp\libg.a(lib_a-init.o)
                0x08004a98                __libc_init_array
 .text.memset   0x08004ae0       0xa4 d:/stm32cubemx/gcc-arm-none-eabi-10.3-2021.10-win32/gcc-arm-none-eabi-10.3-2021.10/bin/../lib/gcc/arm-none-eabi/10.3.1/../../../../arm-none-eabi/lib/thumb/v7-m/nofp\libg.a(lib_a-memset.o)
                0x08004ae0                memset
 .text.printf   0x08004b84       0x28 d:/stm32cubemx/gcc-arm-none-eabi-10.3-2021.10-win32/gcc-arm-none-eabi-10.3-2021.10/bin/../lib/gcc/arm-none-eabi/10.3.1/../../../../arm-none-eabi/lib/thumb/v7-m/nofp\libg.a(lib_a-printf.o)
                0x08004b84                printf
 .text._puts_r  0x08004bac       0x9c d:/stm32cubemx/gcc-arm-none-eabi-10.3-2021.10-win32/gcc-arm-none-eabi-10.3-2021.10/bin/../lib/gcc/arm-none-eabi/10.3.1/../../../../arm-none-eabi/lib/thumb/v7-m/nofp\libg.a(lib_a-puts.o)
                0x08004bac                _puts_r
 .text.puts     0x08004c48       0x10 d:/stm32cubemx/gcc-arm-none-eabi-10.3-2021.10-win32/gcc-arm-none-eabi-10.3-2021.10/bin/../lib/gcc/arm-none-eabi/10.3.1/../../../../arm-none-eabi/lib/thumb/v7-m/nofp\libg.a(lib_a-puts.o)
                0x08004c48                puts
 .text.strchr   0x08004c58       0xcc d:/stm32cubemx/gcc-arm-none-eabi-10.3-2021.10-win32/gcc-arm-none-eabi-10.3-2021.10/bin/../lib/gcc/arm-none-eabi/10.3.1/../../../../arm-none-eabi/lib/thumb/v7-m/nofp\libg.a(lib_a-strchr.o)
                0x08004c58                strchr
 .text.strlen   0x08004d24       0x5c d:/stm32cubemx/gcc-arm-none-eabi-10.3-2021.10-win32/gcc-arm-none-eabi-10.3-2021.10/bin/../lib/gcc/arm-none-eabi/10.3.1/../../../../arm-none-eabi/lib/thumb/v7-m/nofp\libg.a(lib_a-strlen-stub.o)
                0x08004d24                strlen
 .text.strncpy  0x08004d80       0x68 d:/stm32cubemx/gcc-arm-none-eabi-10.3-2021.10-win32/gcc-arm-none-eabi-10.3-2021.10/bin/../lib/gcc/arm-none-eabi/10.3.1/../../../../arm-none-eabi/lib/thumb/v7-m/nofp\libg.a(lib_a-strncpy.o)
                0x08004d80                strncpy
 .text.two_way_long_needle
                0x08004de8      0x2b8 d:/stm32cubemx/gcc-arm-none-eabi-10.3-2021.10-win32/gcc-arm-none-eabi-10.3-2021.10/bin/../lib/gcc/arm-none-eabi/10.3.1/../../../../arm-none-eabi/lib/thumb/v7-m/nofp\libg.a(lib_a-strstr.o)
 .text.strstr   0x080050a0      0x168 d:/stm32cubemx/gcc-arm-none-eabi-10.3-2021.10-win32/gcc-arm-none-eabi-10.3-2021.10/bin/../lib/gcc/arm-none-eabi/10.3.1/../../../../arm-none-eabi/lib/thumb/v7-m/nofp\libg.a(lib_a-strstr.o)
                0x080050a0                strstr
 .text._strtod_l
                0x08005208      0xf38 d:/stm32cubemx/gcc-arm-none-eabi-10.3-2021.10-win32/gcc-arm-none-eabi-10.3-2021.10/bin/../lib/gcc/arm-none-eabi/10.3.1/../../../../arm-none-eabi/lib/thumb/v7-m/nofp\libg.a(lib_a-strtod.o)
                0x08005208                _strtod_l
 .text.strtod   0x08006140       0x18 d:/stm32cubemx/gcc-arm-none-eabi-10.3-2021.10-win32/gcc-arm-none-eabi-10.3-2021.10/bin/../lib/gcc/arm-none-eabi/10.3.1/../../../../arm-none-eabi/lib/thumb/v7-m/nofp\libg.a(lib_a-strtod.o)
                0x08006140                strtod
 .text._strtol_l.part.0
                0x08006158      0x120 d:/stm32cubemx/gcc-arm-none-eabi-10.3-2021.10-win32/gcc-arm-none-eabi-10.3-2021.10/bin/../lib/gcc/arm-none-eabi/10.3.1/../../../../arm-none-eabi/lib/thumb/v7-m/nofp\libg.a(lib_a-strtol.o)
 .text.strtol   0x08006278       0x2c d:/stm32cubemx/gcc-arm-none-eabi-10.3-2021.10-win32/gcc-arm-none-eabi-10.3-2021.10/bin/../lib/gcc/arm-none-eabi/10.3.1/../../../../arm-none-eabi/lib/thumb/v7-m/nofp\libg.a(lib_a-strtol.o)
                0x08006278                strtol
 .text._vfprintf_r
                0x080062a4     0x1b58 d:/stm32cubemx/gcc-arm-none-eabi-10.3-2021.10-win32/gcc-arm-none-eabi-10.3-2021.10/bin/../lib/gcc/arm-none-eabi/10.3.1/../../../../arm-none-eabi/lib/thumb/v7-m/nofp\libg.a(lib_a-vfprintf.o)
                0x080062a4                _vfprintf_r
 .text.__sbprintf
                0x08007dfc       0x84 d:/stm32cubemx/gcc-arm-none-eabi-10.3-2021.10-win32/gcc-arm-none-eabi-10.3-2021.10/bin/../lib/gcc/arm-none-eabi/10.3.1/../../../../arm-none-eabi/lib/thumb/v7-m/nofp\libg.a(lib_a-vfprintf.o)
 .text.__swsetup_r
                0x08007e80       0xd4 d:/stm32cubemx/gcc-arm-none-eabi-10.3-2021.10-win32/gcc-arm-none-eabi-10.3-2021.10/bin/../lib/gcc/arm-none-eabi/10.3.1/../../../../arm-none-eabi/lib/thumb/v7-m/nofp\libg.a(lib_a-wsetup.o)
                0x08007e80                __swsetup_r
 .text.startup.register_fini
                0x08007f54       0x14 d:/stm32cubemx/gcc-arm-none-eabi-10.3-2021.10-win32/gcc-arm-none-eabi-10.3-2021.10/bin/../lib/gcc/arm-none-eabi/10.3.1/../../../../arm-none-eabi/lib/thumb/v7-m/nofp\libg.a(lib_a-__call_atexit.o)
 .text.atexit   0x08007f68        0xc d:/stm32cubemx/gcc-arm-none-eabi-10.3-2021.10-win32/gcc-arm-none-eabi-10.3-2021.10/bin/../lib/gcc/arm-none-eabi/10.3.1/../../../../arm-none-eabi/lib/thumb/v7-m/nofp\libg.a(lib_a-atexit.o)
                0x08007f68                atexit
 .text.quorem   0x08007f74      0x12c d:/stm32cubemx/gcc-arm-none-eabi-10.3-2021.10-win32/gcc-arm-none-eabi-10.3-2021.10/bin/../lib/gcc/arm-none-eabi/10.3.1/../../../../arm-none-eabi/lib/thumb/v7-m/nofp\libg.a(lib_a-dtoa.o)
 .text._dtoa_r  0x080080a0      0xecc d:/stm32cubemx/gcc-arm-none-eabi-10.3-2021.10-win32/gcc-arm-none-eabi-10.3-2021.10/bin/../lib/gcc/arm-none-eabi/10.3.1/../../../../arm-none-eabi/lib/thumb/v7-m/nofp\libg.a(lib_a-dtoa.o)
                0x080080a0                _dtoa_r
 .text.__sflush_r
                0x08008f6c      0x124 d:/stm32cubemx/gcc-arm-none-eabi-10.3-2021.10-win32/gcc-arm-none-eabi-10.3-2021.10/bin/../lib/gcc/arm-none-eabi/10.3.1/../../../../arm-none-eabi/lib/thumb/v7-m/nofp\libg.a(lib_a-fflush.o)
                0x08008f6c                __sflush_r
 .text._fflush_r
                0x08009090       0x5c d:/stm32cubemx/gcc-arm-none-eabi-10.3-2021.10-win32/gcc-arm-none-eabi-10.3-2021.10/bin/../lib/gcc/arm-none-eabi/10.3.1/../../../../arm-none-eabi/lib/thumb/v7-m/nofp\libg.a(lib_a-fflush.o)
                0x08009090                _fflush_r
 .text._cleanup_r
                0x080090ec        0xc d:/stm32cubemx/gcc-arm-none-eabi-10.3-2021.10-win32/gcc-arm-none-eabi-10.3-2021.10/bin/../lib/gcc/arm-none-eabi/10.3.1/../../../../arm-none-eabi/lib/thumb/v7-m/nofp\libg.a(lib_a-findfp.o)
                0x080090ec                _cleanup_r
 .text.__sinit  0x080090f8      0x10c d:/stm32cubemx/gcc-arm-none-eabi-10.3-2021.10-win32/gcc-arm-none-eabi-10.3-2021.10/bin/../lib/gcc/arm-none-eabi/10.3.1/../../../../arm-none-eabi/lib/thumb/v7-m/nofp\libg.a(lib_a-findfp.o)
                0x080090f8                __sinit
 .text.__sfp_lock_acquire
                0x08009204        0xc d:/stm32cubemx/gcc-arm-none-eabi-10.3-2021.10-win32/gcc-arm-none-eabi-10.3-2021.10/bin/../lib/gcc/arm-none-eabi/10.3.1/../../../../arm-none-eabi/lib/thumb/v7-m/nofp\libg.a(lib_a-findfp.o)
                0x08009204                __sfp_lock_acquire
 .text.__sfp_lock_release
                0x08009210        0xc d:/stm32cubemx/gcc-arm-none-eabi-10.3-2021.10-win32/gcc-arm-none-eabi-10.3-2021.10/bin/../lib/gcc/arm-none-eabi/10.3.1/../../../../arm-none-eabi/lib/thumb/v7-m/nofp\libg.a(lib_a-findfp.o)
                0x08009210                __sfp_lock_release
 .text.__libc_fini_array
                0x0800921c       0x2c d:/stm32cubemx/gcc-arm-none-eabi-10.3-2021.10-win32/gcc-arm-none-eabi-10.3-2021.10/bin/../lib/gcc/arm-none-eabi/10.3.1/../../../../arm-none-eabi/lib/thumb/v7-m/nofp\libg.a(lib_a-fini.o)
                0x0800921c                __libc_fini_array
 .text._malloc_trim_r
                0x08009248       0xa0 d:/stm32cubemx/gcc-arm-none-eabi-10.3-2021.10-win32/gcc-arm-none-eabi-10.3-2021.10/bin/../lib/gcc/arm-none-eabi/10.3.1/../../../../arm-none-eabi/lib/thumb/v7-m/nofp\libg.a(lib_a-freer.o)
                0x08009248                _malloc_trim_r
 .text._free_r  0x080092e8      0x200 d:/stm32cubemx/gcc-arm-none-eabi-10.3-2021.10-win32/gcc-arm-none-eabi-10.3-2021.10/bin/../lib/gcc/arm-none-eabi/10.3.1/../../../../arm-none-eabi/lib/thumb/v7-m/nofp\libg.a(lib_a-freer.o)
                0x080092e8                _free_r
 .text.__sfvwrite_r
                0x080094e8      0x2f0 d:/stm32cubemx/gcc-arm-none-eabi-10.3-2021.10-win32/gcc-arm-none-eabi-10.3-2021.10/bin/../lib/gcc/arm-none-eabi/10.3.1/../../../../arm-none-eabi/lib/thumb/v7-m/nofp\libg.a(lib_a-fvwrite.o)
                0x080094e8                __sfvwrite_r
 .text._fwalk_reent
                0x080097d8       0x48 d:/stm32cubemx/gcc-arm-none-eabi-10.3-2021.10-win32/gcc-arm-none-eabi-10.3-2021.10/bin/../lib/gcc/arm-none-eabi/10.3.1/../../../../arm-none-eabi/lib/thumb/v7-m/nofp\libg.a(lib_a-fwalk.o)
                0x080097d8                _fwalk_reent
 .text.rshift   0x08009820       0xa4 d:/stm32cubemx/gcc-arm-none-eabi-10.3-2021.10-win32/gcc-arm-none-eabi-10.3-2021.10/bin/../lib/gcc/arm-none-eabi/10.3.1/../../../../arm-none-eabi/lib/thumb/v7-m/nofp\libg.a(lib_a-gdtoa-gethex.o)
 .text.__gethex
                0x080098c4      0x5c4 d:/stm32cubemx/gcc-arm-none-eabi-10.3-2021.10-win32/gcc-arm-none-eabi-10.3-2021.10/bin/../lib/gcc/arm-none-eabi/10.3.1/../../../../arm-none-eabi/lib/thumb/v7-m/nofp\libg.a(lib_a-gdtoa-gethex.o)
                0x080098c4                __gethex
 .text.__match  0x08009e88       0x34 d:/stm32cubemx/gcc-arm-none-eabi-10.3-2021.10-win32/gcc-arm-none-eabi-10.3-2021.10/bin/../lib/gcc/arm-none-eabi/10.3.1/../../../../arm-none-eabi/lib/thumb/v7-m/nofp\libg.a(lib_a-gdtoa-hexnan.o)
                0x08009e88                __match
 .text.__hexnan
                0x08009ebc      0x1ac d:/stm32cubemx/gcc-arm-none-eabi-10.3-2021.10-win32/gcc-arm-none-eabi-10.3-2021.10/bin/../lib/gcc/arm-none-eabi/10.3.1/../../../../arm-none-eabi/lib/thumb/v7-m/nofp\libg.a(lib_a-gdtoa-hexnan.o)
                0x08009ebc                __hexnan
 .text.__locale_mb_cur_max
                0x0800a068        0xc d:/stm32cubemx/gcc-arm-none-eabi-10.3-2021.10-win32/gcc-arm-none-eabi-10.3-2021.10/bin/../lib/gcc/arm-none-eabi/10.3.1/../../../../arm-none-eabi/lib/thumb/v7-m/nofp\libg.a(lib_a-locale.o)
                0x0800a068                __locale_mb_cur_max
 .text._localeconv_r
                0x0800a074        0x8 d:/stm32cubemx/gcc-arm-none-eabi-10.3-2021.10-win32/gcc-arm-none-eabi-10.3-2021.10/bin/../lib/gcc/arm-none-eabi/10.3.1/../../../../arm-none-eabi/lib/thumb/v7-m/nofp\libg.a(lib_a-localeconv.o)
                0x0800a074                _localeconv_r
 .text.__retarget_lock_init_recursive
                0x0800a07c        0x4 d:/stm32cubemx/gcc-arm-none-eabi-10.3-2021.10-win32/gcc-arm-none-eabi-10.3-2021.10/bin/../lib/gcc/arm-none-eabi/10.3.1/../../../../arm-none-eabi/lib/thumb/v7-m/nofp\libg.a(lib_a-lock.o)
                0x0800a07c                __retarget_lock_init_recursive
 .text.__retarget_lock_close_recursive
                0x0800a080        0x4 d:/stm32cubemx/gcc-arm-none-eabi-10.3-2021.10-win32/gcc-arm-none-eabi-10.3-2021.10/bin/../lib/gcc/arm-none-eabi/10.3.1/../../../../arm-none-eabi/lib/thumb/v7-m/nofp\libg.a(lib_a-lock.o)
                0x0800a080                __retarget_lock_close_recursive
 .text.__retarget_lock_acquire_recursive
                0x0800a084        0x4 d:/stm32cubemx/gcc-arm-none-eabi-10.3-2021.10-win32/gcc-arm-none-eabi-10.3-2021.10/bin/../lib/gcc/arm-none-eabi/10.3.1/../../../../arm-none-eabi/lib/thumb/v7-m/nofp\libg.a(lib_a-lock.o)
                0x0800a084                __retarget_lock_acquire_recursive
 .text.__retarget_lock_release_recursive
                0x0800a088        0x4 d:/stm32cubemx/gcc-arm-none-eabi-10.3-2021.10-win32/gcc-arm-none-eabi-10.3-2021.10/bin/../lib/gcc/arm-none-eabi/10.3.1/../../../../arm-none-eabi/lib/thumb/v7-m/nofp\libg.a(lib_a-lock.o)
                0x0800a088                __retarget_lock_release_recursive
 .text.__smakebuf_r
                0x0800a08c       0xe0 d:/stm32cubemx/gcc-arm-none-eabi-10.3-2021.10-win32/gcc-arm-none-eabi-10.3-2021.10/bin/../lib/gcc/arm-none-eabi/10.3.1/../../../../arm-none-eabi/lib/thumb/v7-m/nofp\libg.a(lib_a-makebuf.o)
                0x0800a08c                __smakebuf_r
 .text._malloc_r
                0x0800a16c      0x558 d:/stm32cubemx/gcc-arm-none-eabi-10.3-2021.10-win32/gcc-arm-none-eabi-10.3-2021.10/bin/../lib/gcc/arm-none-eabi/10.3.1/../../../../arm-none-eabi/lib/thumb/v7-m/nofp\libg.a(lib_a-mallocr.o)
                0x0800a16c                _malloc_r
 .text.__ascii_mbtowc
                0x0800a6c4       0x2c d:/stm32cubemx/gcc-arm-none-eabi-10.3-2021.10-win32/gcc-arm-none-eabi-10.3-2021.10/bin/../lib/gcc/arm-none-eabi/10.3.1/../../../../arm-none-eabi/lib/thumb/v7-m/nofp\libg.a(lib_a-mbtowc_r.o)
                0x0800a6c4                __ascii_mbtowc
 .text.memchr   0x0800a6f0       0x90 d:/stm32cubemx/gcc-arm-none-eabi-10.3-2021.10-win32/gcc-arm-none-eabi-10.3-2021.10/bin/../lib/gcc/arm-none-eabi/10.3.1/../../../../arm-none-eabi/lib/thumb/v7-m/nofp\libg.a(lib_a-memchr-stub.o)
                0x0800a6f0                memchr
 .text.memcmp   0x0800a780       0x68 d:/stm32cubemx/gcc-arm-none-eabi-10.3-2021.10-win32/gcc-arm-none-eabi-10.3-2021.10/bin/../lib/gcc/arm-none-eabi/10.3.1/../../../../arm-none-eabi/lib/thumb/v7-m/nofp\libg.a(lib_a-memcmp.o)
                0x0800a780                memcmp
 .text.memmove  0x0800a7e8       0xf8 d:/stm32cubemx/gcc-arm-none-eabi-10.3-2021.10-win32/gcc-arm-none-eabi-10.3-2021.10/bin/../lib/gcc/arm-none-eabi/10.3.1/../../../../arm-none-eabi/lib/thumb/v7-m/nofp\libg.a(lib_a-memmove.o)
                0x0800a7e8                memmove
 .text.__malloc_lock
                0x0800a8e0        0xc d:/stm32cubemx/gcc-arm-none-eabi-10.3-2021.10-win32/gcc-arm-none-eabi-10.3-2021.10/bin/../lib/gcc/arm-none-eabi/10.3.1/../../../../arm-none-eabi/lib/thumb/v7-m/nofp\libg.a(lib_a-mlock.o)
                0x0800a8e0                __malloc_lock
 .text.__malloc_unlock
                0x0800a8ec        0xc d:/stm32cubemx/gcc-arm-none-eabi-10.3-2021.10-win32/gcc-arm-none-eabi-10.3-2021.10/bin/../lib/gcc/arm-none-eabi/10.3.1/../../../../arm-none-eabi/lib/thumb/v7-m/nofp\libg.a(lib_a-mlock.o)
                0x0800a8ec                __malloc_unlock
 .text._Balloc  0x0800a8f8       0x4c d:/stm32cubemx/gcc-arm-none-eabi-10.3-2021.10-win32/gcc-arm-none-eabi-10.3-2021.10/bin/../lib/gcc/arm-none-eabi/10.3.1/../../../../arm-none-eabi/lib/thumb/v7-m/nofp\libg.a(lib_a-mprec.o)
                0x0800a8f8                _Balloc
 .text._Bfree   0x0800a944       0x14 d:/stm32cubemx/gcc-arm-none-eabi-10.3-2021.10-win32/gcc-arm-none-eabi-10.3-2021.10/bin/../lib/gcc/arm-none-eabi/10.3.1/../../../../arm-none-eabi/lib/thumb/v7-m/nofp\libg.a(lib_a-mprec.o)
                0x0800a944                _Bfree
 .text.__multadd
                0x0800a958       0xa4 d:/stm32cubemx/gcc-arm-none-eabi-10.3-2021.10-win32/gcc-arm-none-eabi-10.3-2021.10/bin/../lib/gcc/arm-none-eabi/10.3.1/../../../../arm-none-eabi/lib/thumb/v7-m/nofp\libg.a(lib_a-mprec.o)
                0x0800a958                __multadd
 .text.__s2b    0x0800a9fc       0xb4 d:/stm32cubemx/gcc-arm-none-eabi-10.3-2021.10-win32/gcc-arm-none-eabi-10.3-2021.10/bin/../lib/gcc/arm-none-eabi/10.3.1/../../../../arm-none-eabi/lib/thumb/v7-m/nofp\libg.a(lib_a-mprec.o)
                0x0800a9fc                __s2b
 .text.__hi0bits
                0x0800aab0       0x40 d:/stm32cubemx/gcc-arm-none-eabi-10.3-2021.10-win32/gcc-arm-none-eabi-10.3-2021.10/bin/../lib/gcc/arm-none-eabi/10.3.1/../../../../arm-none-eabi/lib/thumb/v7-m/nofp\libg.a(lib_a-mprec.o)
                0x0800aab0                __hi0bits
 .text.__lo0bits
                0x0800aaf0       0x58 d:/stm32cubemx/gcc-arm-none-eabi-10.3-2021.10-win32/gcc-arm-none-eabi-10.3-2021.10/bin/../lib/gcc/arm-none-eabi/10.3.1/../../../../arm-none-eabi/lib/thumb/v7-m/nofp\libg.a(lib_a-mprec.o)
                0x0800aaf0                __lo0bits
 .text.__i2b    0x0800ab48       0x5c d:/stm32cubemx/gcc-arm-none-eabi-10.3-2021.10-win32/gcc-arm-none-eabi-10.3-2021.10/bin/../lib/gcc/arm-none-eabi/10.3.1/../../../../arm-none-eabi/lib/thumb/v7-m/nofp\libg.a(lib_a-mprec.o)
                0x0800ab48                __i2b
 .text.__multiply
                0x0800aba4      0x15c d:/stm32cubemx/gcc-arm-none-eabi-10.3-2021.10-win32/gcc-arm-none-eabi-10.3-2021.10/bin/../lib/gcc/arm-none-eabi/10.3.1/../../../../arm-none-eabi/lib/thumb/v7-m/nofp\libg.a(lib_a-mprec.o)
                0x0800aba4                __multiply
 .text.__pow5mult
                0x0800ad00       0xb8 d:/stm32cubemx/gcc-arm-none-eabi-10.3-2021.10-win32/gcc-arm-none-eabi-10.3-2021.10/bin/../lib/gcc/arm-none-eabi/10.3.1/../../../../arm-none-eabi/lib/thumb/v7-m/nofp\libg.a(lib_a-mprec.o)
                0x0800ad00                __pow5mult
 .text.__lshift
                0x0800adb8       0xec d:/stm32cubemx/gcc-arm-none-eabi-10.3-2021.10-win32/gcc-arm-none-eabi-10.3-2021.10/bin/../lib/gcc/arm-none-eabi/10.3.1/../../../../arm-none-eabi/lib/thumb/v7-m/nofp\libg.a(lib_a-mprec.o)
                0x0800adb8                __lshift
 .text.__mcmp   0x0800aea4       0x40 d:/stm32cubemx/gcc-arm-none-eabi-10.3-2021.10-win32/gcc-arm-none-eabi-10.3-2021.10/bin/../lib/gcc/arm-none-eabi/10.3.1/../../../../arm-none-eabi/lib/thumb/v7-m/nofp\libg.a(lib_a-mprec.o)
                0x0800aea4                __mcmp
 .text.__mdiff  0x0800aee4      0x14c d:/stm32cubemx/gcc-arm-none-eabi-10.3-2021.10-win32/gcc-arm-none-eabi-10.3-2021.10/bin/../lib/gcc/arm-none-eabi/10.3.1/../../../../arm-none-eabi/lib/thumb/v7-m/nofp\libg.a(lib_a-mprec.o)
                0x0800aee4                __mdiff
 .text.__ulp    0x0800b030       0x44 d:/stm32cubemx/gcc-arm-none-eabi-10.3-2021.10-win32/gcc-arm-none-eabi-10.3-2021.10/bin/../lib/gcc/arm-none-eabi/10.3.1/../../../../arm-none-eabi/lib/thumb/v7-m/nofp\libg.a(lib_a-mprec.o)
                0x0800b030                __ulp
 .text.__b2d    0x0800b074       0xd0 d:/stm32cubemx/gcc-arm-none-eabi-10.3-2021.10-win32/gcc-arm-none-eabi-10.3-2021.10/bin/../lib/gcc/arm-none-eabi/10.3.1/../../../../arm-none-eabi/lib/thumb/v7-m/nofp\libg.a(lib_a-mprec.o)
                0x0800b074                __b2d
 .text.__d2b    0x0800b144       0xc4 d:/stm32cubemx/gcc-arm-none-eabi-10.3-2021.10-win32/gcc-arm-none-eabi-10.3-2021.10/bin/../lib/gcc/arm-none-eabi/10.3.1/../../../../arm-none-eabi/lib/thumb/v7-m/nofp\libg.a(lib_a-mprec.o)
                0x0800b144                __d2b
 .text.__ratio  0x0800b208       0x60 d:/stm32cubemx/gcc-arm-none-eabi-10.3-2021.10-win32/gcc-arm-none-eabi-10.3-2021.10/bin/../lib/gcc/arm-none-eabi/10.3.1/../../../../arm-none-eabi/lib/thumb/v7-m/nofp\libg.a(lib_a-mprec.o)
                0x0800b208                __ratio
 .text.__copybits
                0x0800b268       0x60 d:/stm32cubemx/gcc-arm-none-eabi-10.3-2021.10-win32/gcc-arm-none-eabi-10.3-2021.10/bin/../lib/gcc/arm-none-eabi/10.3.1/../../../../arm-none-eabi/lib/thumb/v7-m/nofp\libg.a(lib_a-mprec.o)
                0x0800b268                __copybits
 .text.__any_on
                0x0800b2c8       0x60 d:/stm32cubemx/gcc-arm-none-eabi-10.3-2021.10-win32/gcc-arm-none-eabi-10.3-2021.10/bin/../lib/gcc/arm-none-eabi/10.3.1/../../../../arm-none-eabi/lib/thumb/v7-m/nofp\libg.a(lib_a-mprec.o)
                0x0800b2c8                __any_on
 .text._realloc_r
                0x0800b328      0x3dc d:/stm32cubemx/gcc-arm-none-eabi-10.3-2021.10-win32/gcc-arm-none-eabi-10.3-2021.10/bin/../lib/gcc/arm-none-eabi/10.3.1/../../../../arm-none-eabi/lib/thumb/v7-m/nofp\libg.a(lib_a-reallocr.o)
                0x0800b328                _realloc_r
 .text.frexp    0x0800b704       0x70 d:/stm32cubemx/gcc-arm-none-eabi-10.3-2021.10-win32/gcc-arm-none-eabi-10.3-2021.10/bin/../lib/gcc/arm-none-eabi/10.3.1/../../../../arm-none-eabi/lib/thumb/v7-m/nofp\libg.a(lib_a-s_frexp.o)
                0x0800b704                frexp
 .text.nan      0x0800b774        0xc d:/stm32cubemx/gcc-arm-none-eabi-10.3-2021.10-win32/gcc-arm-none-eabi-10.3-2021.10/bin/../lib/gcc/arm-none-eabi/10.3.1/../../../../arm-none-eabi/lib/thumb/v7-m/nofp\libg.a(lib_a-s_nan.o)
                0x0800b774                nan
 .text._sbrk_r  0x0800b780       0x24 d:/stm32cubemx/gcc-arm-none-eabi-10.3-2021.10-win32/gcc-arm-none-eabi-10.3-2021.10/bin/../lib/gcc/arm-none-eabi/10.3.1/../../../../arm-none-eabi/lib/thumb/v7-m/nofp\libg.a(lib_a-sbrkr.o)
                0x0800b780                _sbrk_r
 .text.__sread  0x0800b7a4       0x24 d:/stm32cubemx/gcc-arm-none-eabi-10.3-2021.10-win32/gcc-arm-none-eabi-10.3-2021.10/bin/../lib/gcc/arm-none-eabi/10.3.1/../../../../arm-none-eabi/lib/thumb/v7-m/nofp\libg.a(lib_a-stdio.o)
                0x0800b7a4                __sread
 .text.__swrite
                0x0800b7c8       0x40 d:/stm32cubemx/gcc-arm-none-eabi-10.3-2021.10-win32/gcc-arm-none-eabi-10.3-2021.10/bin/../lib/gcc/arm-none-eabi/10.3.1/../../../../arm-none-eabi/lib/thumb/v7-m/nofp\libg.a(lib_a-stdio.o)
                0x0800b7c8                __swrite
 .text.__sseek  0x0800b808       0x20 d:/stm32cubemx/gcc-arm-none-eabi-10.3-2021.10-win32/gcc-arm-none-eabi-10.3-2021.10/bin/../lib/gcc/arm-none-eabi/10.3.1/../../../../arm-none-eabi/lib/thumb/v7-m/nofp\libg.a(lib_a-stdio.o)
                0x0800b808                __sseek
 .text.__sclose
                0x0800b828        0x8 d:/stm32cubemx/gcc-arm-none-eabi-10.3-2021.10-win32/gcc-arm-none-eabi-10.3-2021.10/bin/../lib/gcc/arm-none-eabi/10.3.1/../../../../arm-none-eabi/lib/thumb/v7-m/nofp\libg.a(lib_a-stdio.o)
                0x0800b828                __sclose
 .text.strncmp  0x0800b830       0x7c d:/stm32cubemx/gcc-arm-none-eabi-10.3-2021.10-win32/gcc-arm-none-eabi-10.3-2021.10/bin/../lib/gcc/arm-none-eabi/10.3.1/../../../../arm-none-eabi/lib/thumb/v7-m/nofp\libg.a(lib_a-strncmp.o)
                0x0800b830                strncmp
 .text.strnlen  0x0800b8ac       0x24 d:/stm32cubemx/gcc-arm-none-eabi-10.3-2021.10-win32/gcc-arm-none-eabi-10.3-2021.10/bin/../lib/gcc/arm-none-eabi/10.3.1/../../../../arm-none-eabi/lib/thumb/v7-m/nofp\libg.a(lib_a-strnlen.o)
                0x0800b8ac                strnlen
 .text.__sprint_r.part.0
                0x0800b8d0       0x78 d:/stm32cubemx/gcc-arm-none-eabi-10.3-2021.10-win32/gcc-arm-none-eabi-10.3-2021.10/bin/../lib/gcc/arm-none-eabi/10.3.1/../../../../arm-none-eabi/lib/thumb/v7-m/nofp\libg.a(lib_a-vfiprintf.o)
 .text.__sprint_r
                0x0800b948       0x14 d:/stm32cubemx/gcc-arm-none-eabi-10.3-2021.10-win32/gcc-arm-none-eabi-10.3-2021.10/bin/../lib/gcc/arm-none-eabi/10.3.1/../../../../arm-none-eabi/lib/thumb/v7-m/nofp\libg.a(lib_a-vfiprintf.o)
                0x0800b948                __sprint_r
 .text._vfiprintf_r
                0x0800b95c      0xd98 d:/stm32cubemx/gcc-arm-none-eabi-10.3-2021.10-win32/gcc-arm-none-eabi-10.3-2021.10/bin/../lib/gcc/arm-none-eabi/10.3.1/../../../../arm-none-eabi/lib/thumb/v7-m/nofp\libg.a(lib_a-vfiprintf.o)
                0x0800b95c                _vfiprintf_r
 .text.__sbprintf
                0x0800c6f4       0x84 d:/stm32cubemx/gcc-arm-none-eabi-10.3-2021.10-win32/gcc-arm-none-eabi-10.3-2021.10/bin/../lib/gcc/arm-none-eabi/10.3.1/../../../../arm-none-eabi/lib/thumb/v7-m/nofp\libg.a(lib_a-vfiprintf.o)
 .text.__ascii_wctomb
                0x0800c778       0x1c d:/stm32cubemx/gcc-arm-none-eabi-10.3-2021.10-win32/gcc-arm-none-eabi-10.3-2021.10/bin/../lib/gcc/arm-none-eabi/10.3.1/../../../../arm-none-eabi/lib/thumb/v7-m/nofp\libg.a(lib_a-wctomb_r.o)
                0x0800c778                __ascii_wctomb
 .text._write_r
                0x0800c794       0x2c d:/stm32cubemx/gcc-arm-none-eabi-10.3-2021.10-win32/gcc-arm-none-eabi-10.3-2021.10/bin/../lib/gcc/arm-none-eabi/10.3.1/../../../../arm-none-eabi/lib/thumb/v7-m/nofp\libg.a(lib_a-writer.o)
                0x0800c794                _write_r
 .text.__register_exitproc
                0x0800c7c0       0x8c d:/stm32cubemx/gcc-arm-none-eabi-10.3-2021.10-win32/gcc-arm-none-eabi-10.3-2021.10/bin/../lib/gcc/arm-none-eabi/10.3.1/../../../../arm-none-eabi/lib/thumb/v7-m/nofp\libg.a(lib_a-__atexit.o)
                0x0800c7c0                __register_exitproc
 .text.__assert_func
                0x0800c84c       0x40 d:/stm32cubemx/gcc-arm-none-eabi-10.3-2021.10-win32/gcc-arm-none-eabi-10.3-2021.10/bin/../lib/gcc/arm-none-eabi/10.3.1/../../../../arm-none-eabi/lib/thumb/v7-m/nofp\libg.a(lib_a-assert.o)
                0x0800c84c                __assert_func
 .text._calloc_r
                0x0800c88c       0x78 d:/stm32cubemx/gcc-arm-none-eabi-10.3-2021.10-win32/gcc-arm-none-eabi-10.3-2021.10/bin/../lib/gcc/arm-none-eabi/10.3.1/../../../../arm-none-eabi/lib/thumb/v7-m/nofp\libg.a(lib_a-callocr.o)
                0x0800c88c                _calloc_r
 .text._close_r
                0x0800c904       0x24 d:/stm32cubemx/gcc-arm-none-eabi-10.3-2021.10-win32/gcc-arm-none-eabi-10.3-2021.10/bin/../lib/gcc/arm-none-eabi/10.3.1/../../../../arm-none-eabi/lib/thumb/v7-m/nofp\libg.a(lib_a-closer.o)
                0x0800c904                _close_r
 .text._fclose_r
                0x0800c928       0xcc d:/stm32cubemx/gcc-arm-none-eabi-10.3-2021.10-win32/gcc-arm-none-eabi-10.3-2021.10/bin/../lib/gcc/arm-none-eabi/10.3.1/../../../../arm-none-eabi/lib/thumb/v7-m/nofp\libg.a(lib_a-fclose.o)
                0x0800c928                _fclose_r
 .text.fiprintf
                0x0800c9f4       0x28 d:/stm32cubemx/gcc-arm-none-eabi-10.3-2021.10-win32/gcc-arm-none-eabi-10.3-2021.10/bin/../lib/gcc/arm-none-eabi/10.3.1/../../../../arm-none-eabi/lib/thumb/v7-m/nofp\libg.a(lib_a-fiprintf.o)
                0x0800c9f4                fiprintf
 .text.__fputwc
                0x0800ca1c       0xa0 d:/stm32cubemx/gcc-arm-none-eabi-10.3-2021.10-win32/gcc-arm-none-eabi-10.3-2021.10/bin/../lib/gcc/arm-none-eabi/10.3.1/../../../../arm-none-eabi/lib/thumb/v7-m/nofp\libg.a(lib_a-fputwc.o)
                0x0800ca1c                __fputwc
 .text._fputwc_r
                0x0800cabc       0x68 d:/stm32cubemx/gcc-arm-none-eabi-10.3-2021.10-win32/gcc-arm-none-eabi-10.3-2021.10/bin/../lib/gcc/arm-none-eabi/10.3.1/../../../../arm-none-eabi/lib/thumb/v7-m/nofp\libg.a(lib_a-fputwc.o)
                0x0800cabc                _fputwc_r
 .text._fstat_r
                0x0800cb24       0x28 d:/stm32cubemx/gcc-arm-none-eabi-10.3-2021.10-win32/gcc-arm-none-eabi-10.3-2021.10/bin/../lib/gcc/arm-none-eabi/10.3.1/../../../../arm-none-eabi/lib/thumb/v7-m/nofp\libg.a(lib_a-fstatr.o)
                0x0800cb24                _fstat_r
 .text._isatty_r
                0x0800cb4c       0x24 d:/stm32cubemx/gcc-arm-none-eabi-10.3-2021.10-win32/gcc-arm-none-eabi-10.3-2021.10/bin/../lib/gcc/arm-none-eabi/10.3.1/../../../../arm-none-eabi/lib/thumb/v7-m/nofp\libg.a(lib_a-isattyr.o)
                0x0800cb4c                _isatty_r
 .text._lseek_r
                0x0800cb70       0x2c d:/stm32cubemx/gcc-arm-none-eabi-10.3-2021.10-win32/gcc-arm-none-eabi-10.3-2021.10/bin/../lib/gcc/arm-none-eabi/10.3.1/../../../../arm-none-eabi/lib/thumb/v7-m/nofp\libg.a(lib_a-lseekr.o)
                0x0800cb70                _lseek_r
 .text._read_r  0x0800cb9c       0x2c d:/stm32cubemx/gcc-arm-none-eabi-10.3-2021.10-win32/gcc-arm-none-eabi-10.3-2021.10/bin/../lib/gcc/arm-none-eabi/10.3.1/../../../../arm-none-eabi/lib/thumb/v7-m/nofp\libg.a(lib_a-readr.o)
                0x0800cb9c                _read_r
 .text.__swbuf_r
                0x0800cbc8       0xb0 d:/stm32cubemx/gcc-arm-none-eabi-10.3-2021.10-win32/gcc-arm-none-eabi-10.3-2021.10/bin/../lib/gcc/arm-none-eabi/10.3.1/../../../../arm-none-eabi/lib/thumb/v7-m/nofp\libg.a(lib_a-wbuf.o)
                0x0800cbc8                __swbuf_r
 .text._wcrtomb_r
                0x0800cc78       0x3c d:/stm32cubemx/gcc-arm-none-eabi-10.3-2021.10-win32/gcc-arm-none-eabi-10.3-2021.10/bin/../lib/gcc/arm-none-eabi/10.3.1/../../../../arm-none-eabi/lib/thumb/v7-m/nofp\libg.a(lib_a-wcrtomb.o)
                0x0800cc78                _wcrtomb_r
 .text.abort    0x0800ccb4       0x10 d:/stm32cubemx/gcc-arm-none-eabi-10.3-2021.10-win32/gcc-arm-none-eabi-10.3-2021.10/bin/../lib/gcc/arm-none-eabi/10.3.1/../../../../arm-none-eabi/lib/thumb/v7-m/nofp\libg.a(lib_a-abort.o)
                0x0800ccb4                abort
 .text.raise    0x0800ccc4       0x5c d:/stm32cubemx/gcc-arm-none-eabi-10.3-2021.10-win32/gcc-arm-none-eabi-10.3-2021.10/bin/../lib/gcc/arm-none-eabi/10.3.1/../../../../arm-none-eabi/lib/thumb/v7-m/nofp\libg.a(lib_a-signal.o)
                0x0800ccc4                raise
 .text._kill_r  0x0800cd20       0x28 d:/stm32cubemx/gcc-arm-none-eabi-10.3-2021.10-win32/gcc-arm-none-eabi-10.3-2021.10/bin/../lib/gcc/arm-none-eabi/10.3.1/../../../../arm-none-eabi/lib/thumb/v7-m/nofp\libg.a(lib_a-signalr.o)
                0x0800cd20                _kill_r
 .text._getpid_r
                0x0800cd48        0x4 d:/stm32cubemx/gcc-arm-none-eabi-10.3-2021.10-win32/gcc-arm-none-eabi-10.3-2021.10/bin/../lib/gcc/arm-none-eabi/10.3.1/../../../../arm-none-eabi/lib/thumb/v7-m/nofp\libg.a(lib_a-signalr.o)
                0x0800cd48                _getpid_r
 *(.glue_7)
 .glue_7        0x0800cd4c        0x0 linker stubs
 *(.glue_7t)
 .glue_7t       0x0800cd4c        0x0 linker stubs
 *(.eh_frame)
 .eh_frame      0x0800cd4c        0x0 d:/stm32cubemx/gcc-arm-none-eabi-10.3-2021.10-win32/gcc-arm-none-eabi-10.3-2021.10/bin/../lib/gcc/arm-none-eabi/10.3.1/thumb/v7-m/nofp/crtbegin.o
 *(.init)
 .init          0x0800cd4c        0x4 d:/stm32cubemx/gcc-arm-none-eabi-10.3-2021.10-win32/gcc-arm-none-eabi-10.3-2021.10/bin/../lib/gcc/arm-none-eabi/10.3.1/thumb/v7-m/nofp/crti.o
                0x0800cd4c                _init
 .init          0x0800cd50        0x8 d:/stm32cubemx/gcc-arm-none-eabi-10.3-2021.10-win32/gcc-arm-none-eabi-10.3-2021.10/bin/../lib/gcc/arm-none-eabi/10.3.1/thumb/v7-m/nofp/crtn.o
 *(.fini)
 .fini          0x0800cd58        0x4 d:/stm32cubemx/gcc-arm-none-eabi-10.3-2021.10-win32/gcc-arm-none-eabi-10.3-2021.10/bin/../lib/gcc/arm-none-eabi/10.3.1/thumb/v7-m/nofp/crti.o
                0x0800cd58                _fini
 .fini          0x0800cd5c        0x8 d:/stm32cubemx/gcc-arm-none-eabi-10.3-2021.10-win32/gcc-arm-none-eabi-10.3-2021.10/bin/../lib/gcc/arm-none-eabi/10.3.1/thumb/v7-m/nofp/crtn.o
                0x0800cd64                . = ALIGN (0x4)
                0x0800cd64                _etext = .

.vfp11_veneer   0x0800cd64        0x0
 .vfp11_veneer  0x0800cd64        0x0 linker stubs

.v4_bx          0x0800cd64        0x0
 .v4_bx         0x0800cd64        0x0 linker stubs

.iplt           0x0800cd64        0x0
 .iplt          0x0800cd64        0x0 d:/stm32cubemx/gcc-arm-none-eabi-10.3-2021.10-win32/gcc-arm-none-eabi-10.3-2021.10/bin/../lib/gcc/arm-none-eabi/10.3.1/thumb/v7-m/nofp/crtbegin.o

.rodata         0x0800cd68      0xda4
                0x0800cd68                . = ALIGN (0x4)
 *(.rodata)
 .rodata        0x0800cd68        0xc CMakeFiles/My_First_project.elf.dir/Core/Src/main.c.obj
 *(.rodata*)
 .rodata.str1.4
                0x0800cd74       0x1c CMakeFiles/My_First_project.elf.dir/Core/Src/main.c.obj
 .rodata.TestCommandProcess.str1.4
                0x0800cd90      0x4d6 CMakeFiles/My_First_project.elf.dir/Core/Src/main.c.obj
                                0x4f2 (size before relaxing)
 *fill*         0x0800d266        0x2 
 .rodata.SendDetailedData.str1.4
                0x0800d268       0x4b CMakeFiles/My_First_project.elf.dir/Core/Src/main.c.obj
 *fill*         0x0800d2b3        0x1 
 .rodata.SendStatusInfo.str1.4
                0x0800d2b4       0xc7 CMakeFiles/My_First_project.elf.dir/Core/Src/main.c.obj
 *fill*         0x0800d37b        0x1 
 .rodata.ProcessButtons.str1.4
                0x0800d37c       0x19 CMakeFiles/My_First_project.elf.dir/Core/Src/main.c.obj
 *fill*         0x0800d395        0x3 
 .rodata.main.str1.4
                0x0800d398      0x13d CMakeFiles/My_First_project.elf.dir/Core/Src/main.c.obj
 *fill*         0x0800d4d5        0x3 
 .rodata.POSITION_LEVELS
                0x0800d4d8        0xc CMakeFiles/My_First_project.elf.dir/Core/Src/main.c.obj
                0x0800d4d8                POSITION_LEVELS
 .rodata.SPEED_LEVELS
                0x0800d4e4        0xc CMakeFiles/My_First_project.elf.dir/Core/Src/main.c.obj
                0x0800d4e4                SPEED_LEVELS
 .rodata.AHBPrescTable
                0x0800d4f0       0x10 CMakeFiles/My_First_project.elf.dir/Core/Src/system_stm32f1xx.c.obj
                0x0800d4f0                AHBPrescTable
 .rodata.APBPrescTable
                0x0800d500        0x8 CMakeFiles/My_First_project.elf.dir/Core/Src/system_stm32f1xx.c.obj
                0x0800d500                APBPrescTable
 .rodata.aPLLMULFactorTable.1
                0x0800d508       0x10 CMakeFiles/My_First_project.elf.dir/Drivers/STM32F1xx_HAL_Driver/Src/stm32f1xx_hal_rcc.c.obj
 .rodata.aPredivFactorTable.0
                0x0800d518        0x2 CMakeFiles/My_First_project.elf.dir/Drivers/STM32F1xx_HAL_Driver/Src/stm32f1xx_hal_rcc.c.obj
 *fill*         0x0800d51a        0x2 
 .rodata._global_impure_ptr
                0x0800d51c        0x4 d:/stm32cubemx/gcc-arm-none-eabi-10.3-2021.10-win32/gcc-arm-none-eabi-10.3-2021.10/bin/../lib/gcc/arm-none-eabi/10.3.1/../../../../arm-none-eabi/lib/thumb/v7-m/nofp\libg.a(lib_a-impure.o)
                0x0800d51c                _global_impure_ptr
 .rodata._puts_r.str1.4
                0x0800d520      0x13d d:/stm32cubemx/gcc-arm-none-eabi-10.3-2021.10-win32/gcc-arm-none-eabi-10.3-2021.10/bin/../lib/gcc/arm-none-eabi/10.3.1/../../../../arm-none-eabi/lib/thumb/v7-m/nofp\libg.a(lib_a-puts.o)
                                  0x2 (size before relaxing)
 .rodata._strtod_l.str1.4
                0x0800d520        0xf d:/stm32cubemx/gcc-arm-none-eabi-10.3-2021.10-win32/gcc-arm-none-eabi-10.3-2021.10/bin/../lib/gcc/arm-none-eabi/10.3.1/../../../../arm-none-eabi/lib/thumb/v7-m/nofp\libg.a(lib_a-strtod.o)
                                 0x11 (size before relaxing)
 *fill*         0x0800d52f        0x1 
 .rodata.fpi.1  0x0800d530       0x14 d:/stm32cubemx/gcc-arm-none-eabi-10.3-2021.10-win32/gcc-arm-none-eabi-10.3-2021.10/bin/../lib/gcc/arm-none-eabi/10.3.1/../../../../arm-none-eabi/lib/thumb/v7-m/nofp\libg.a(lib_a-strtod.o)
 .rodata.fpinan.0
                0x0800d544       0x14 d:/stm32cubemx/gcc-arm-none-eabi-10.3-2021.10-win32/gcc-arm-none-eabi-10.3-2021.10/bin/../lib/gcc/arm-none-eabi/10.3.1/../../../../arm-none-eabi/lib/thumb/v7-m/nofp\libg.a(lib_a-strtod.o)
 .rodata.tinytens
                0x0800d558       0x28 d:/stm32cubemx/gcc-arm-none-eabi-10.3-2021.10-win32/gcc-arm-none-eabi-10.3-2021.10/bin/../lib/gcc/arm-none-eabi/10.3.1/../../../../arm-none-eabi/lib/thumb/v7-m/nofp\libg.a(lib_a-strtod.o)
 .rodata._vfprintf_r.str1.4
                0x0800d580       0x42 d:/stm32cubemx/gcc-arm-none-eabi-10.3-2021.10-win32/gcc-arm-none-eabi-10.3-2021.10/bin/../lib/gcc/arm-none-eabi/10.3.1/../../../../arm-none-eabi/lib/thumb/v7-m/nofp\libg.a(lib_a-vfprintf.o)
 *fill*         0x0800d5c2        0x2 
 .rodata.blanks.1
                0x0800d5c4       0x10 d:/stm32cubemx/gcc-arm-none-eabi-10.3-2021.10-win32/gcc-arm-none-eabi-10.3-2021.10/bin/../lib/gcc/arm-none-eabi/10.3.1/../../../../arm-none-eabi/lib/thumb/v7-m/nofp\libg.a(lib_a-vfprintf.o)
 .rodata.zeroes.0
                0x0800d5d4       0x10 d:/stm32cubemx/gcc-arm-none-eabi-10.3-2021.10-win32/gcc-arm-none-eabi-10.3-2021.10/bin/../lib/gcc/arm-none-eabi/10.3.1/../../../../arm-none-eabi/lib/thumb/v7-m/nofp\libg.a(lib_a-vfprintf.o)
 .rodata._ctype_
                0x0800d5e4      0x101 d:/stm32cubemx/gcc-arm-none-eabi-10.3-2021.10-win32/gcc-arm-none-eabi-10.3-2021.10/bin/../lib/gcc/arm-none-eabi/10.3.1/../../../../arm-none-eabi/lib/thumb/v7-m/nofp\libg.a(lib_a-ctype_.o)
                0x0800d5e4                _ctype_
 *fill*         0x0800d6e5        0x3 
 .rodata._dtoa_r.str1.4
                0x0800d6e8       0xa2 d:/stm32cubemx/gcc-arm-none-eabi-10.3-2021.10-win32/gcc-arm-none-eabi-10.3-2021.10/bin/../lib/gcc/arm-none-eabi/10.3.1/../../../../arm-none-eabi/lib/thumb/v7-m/nofp\libg.a(lib_a-dtoa.o)
                                 0xa6 (size before relaxing)
 *fill*         0x0800d78a        0x2 
 .rodata.__gethex.str1.4
                0x0800d78c       0x86 d:/stm32cubemx/gcc-arm-none-eabi-10.3-2021.10-win32/gcc-arm-none-eabi-10.3-2021.10/bin/../lib/gcc/arm-none-eabi/10.3.1/../../../../arm-none-eabi/lib/thumb/v7-m/nofp\libg.a(lib_a-gdtoa-gethex.o)
                                 0x9a (size before relaxing)
 *fill*         0x0800d812        0x2 
 .rodata.__hexdig
                0x0800d814      0x100 d:/stm32cubemx/gcc-arm-none-eabi-10.3-2021.10-win32/gcc-arm-none-eabi-10.3-2021.10/bin/../lib/gcc/arm-none-eabi/10.3.1/../../../../arm-none-eabi/lib/thumb/v7-m/nofp\libg.a(lib_a-gdtoa-gethex.o)
                0x0800d814                __hexdig
 .rodata.str1.4
                0x0800d914        0x2 d:/stm32cubemx/gcc-arm-none-eabi-10.3-2021.10-win32/gcc-arm-none-eabi-10.3-2021.10/bin/../lib/gcc/arm-none-eabi/10.3.1/../../../../arm-none-eabi/lib/thumb/v7-m/nofp\libg.a(lib_a-lnumeric.o)
                                  0x5 (size before relaxing)
 *fill*         0x0800d916        0x2 
 .rodata._C_numeric_locale
                0x0800d918        0xc d:/stm32cubemx/gcc-arm-none-eabi-10.3-2021.10-win32/gcc-arm-none-eabi-10.3-2021.10/bin/../lib/gcc/arm-none-eabi/10.3.1/../../../../arm-none-eabi/lib/thumb/v7-m/nofp\libg.a(lib_a-lnumeric.o)
                0x0800d918                _C_numeric_locale
 .rodata._setlocale_r.str1.4
                0x0800d924        0xa d:/stm32cubemx/gcc-arm-none-eabi-10.3-2021.10-win32/gcc-arm-none-eabi-10.3-2021.10/bin/../lib/gcc/arm-none-eabi/10.3.1/../../../../arm-none-eabi/lib/thumb/v7-m/nofp\libg.a(lib_a-locale.o)
                                  0xd (size before relaxing)
 .rodata.str1.4
                0x0800d92e        0x2 d:/stm32cubemx/gcc-arm-none-eabi-10.3-2021.10-win32/gcc-arm-none-eabi-10.3-2021.10/bin/../lib/gcc/arm-none-eabi/10.3.1/../../../../arm-none-eabi/lib/thumb/v7-m/nofp\libg.a(lib_a-locale.o)
 *fill*         0x0800d92e        0x2 
 .rodata.__multadd.str1.4
                0x0800d930       0x7f d:/stm32cubemx/gcc-arm-none-eabi-10.3-2021.10-win32/gcc-arm-none-eabi-10.3-2021.10/bin/../lib/gcc/arm-none-eabi/10.3.1/../../../../arm-none-eabi/lib/thumb/v7-m/nofp\libg.a(lib_a-mprec.o)
                                 0x93 (size before relaxing)
 *fill*         0x0800d9af        0x1 
 .rodata.__mprec_bigtens
                0x0800d9b0       0x28 d:/stm32cubemx/gcc-arm-none-eabi-10.3-2021.10-win32/gcc-arm-none-eabi-10.3-2021.10/bin/../lib/gcc/arm-none-eabi/10.3.1/../../../../arm-none-eabi/lib/thumb/v7-m/nofp\libg.a(lib_a-mprec.o)
                0x0800d9b0                __mprec_bigtens
 .rodata.__mprec_tens
                0x0800d9d8       0xc8 d:/stm32cubemx/gcc-arm-none-eabi-10.3-2021.10-win32/gcc-arm-none-eabi-10.3-2021.10/bin/../lib/gcc/arm-none-eabi/10.3.1/../../../../arm-none-eabi/lib/thumb/v7-m/nofp\libg.a(lib_a-mprec.o)
                0x0800d9d8                __mprec_tens
 .rodata.p05.0  0x0800daa0        0xc d:/stm32cubemx/gcc-arm-none-eabi-10.3-2021.10-win32/gcc-arm-none-eabi-10.3-2021.10/bin/../lib/gcc/arm-none-eabi/10.3.1/../../../../arm-none-eabi/lib/thumb/v7-m/nofp\libg.a(lib_a-mprec.o)
 .rodata._vfiprintf_r.str1.4
                0x0800daac       0x2f d:/stm32cubemx/gcc-arm-none-eabi-10.3-2021.10-win32/gcc-arm-none-eabi-10.3-2021.10/bin/../lib/gcc/arm-none-eabi/10.3.1/../../../../arm-none-eabi/lib/thumb/v7-m/nofp\libg.a(lib_a-vfiprintf.o)
 .rodata.blanks.1
                0x0800daac       0x10 d:/stm32cubemx/gcc-arm-none-eabi-10.3-2021.10-win32/gcc-arm-none-eabi-10.3-2021.10/bin/../lib/gcc/arm-none-eabi/10.3.1/../../../../arm-none-eabi/lib/thumb/v7-m/nofp\libg.a(lib_a-vfiprintf.o)
 .rodata.zeroes.0
                0x0800dabc       0x10 d:/stm32cubemx/gcc-arm-none-eabi-10.3-2021.10-win32/gcc-arm-none-eabi-10.3-2021.10/bin/../lib/gcc/arm-none-eabi/10.3.1/../../../../arm-none-eabi/lib/thumb/v7-m/nofp\libg.a(lib_a-vfiprintf.o)
 .rodata.__assert_func.str1.4
                0x0800dacc       0x3f d:/stm32cubemx/gcc-arm-none-eabi-10.3-2021.10-win32/gcc-arm-none-eabi-10.3-2021.10/bin/../lib/gcc/arm-none-eabi/10.3.1/../../../../arm-none-eabi/lib/thumb/v7-m/nofp\libg.a(lib_a-assert.o)
                                 0x43 (size before relaxing)
                0x0800db0c                . = ALIGN (0x4)
 *fill*         0x0800db0b        0x1 

.ARM.extab
 *(.ARM.extab* .gnu.linkonce.armextab.*)

.ARM            0x0800db0c        0x8
                0x0800db0c                __exidx_start = .
 *(.ARM.exidx*)
 .ARM.exidx     0x0800db0c        0x8 d:/stm32cubemx/gcc-arm-none-eabi-10.3-2021.10-win32/gcc-arm-none-eabi-10.3-2021.10/bin/../lib/gcc/arm-none-eabi/10.3.1/thumb/v7-m/nofp\libgcc.a(_udivmoddi4.o)
                0x0800db14                __exidx_end = .

.rel.dyn        0x0800db14        0x0
 .rel.iplt      0x0800db14        0x0 d:/stm32cubemx/gcc-arm-none-eabi-10.3-2021.10-win32/gcc-arm-none-eabi-10.3-2021.10/bin/../lib/gcc/arm-none-eabi/10.3.1/thumb/v7-m/nofp/crtbegin.o

.preinit_array  0x0800db14        0x0
                0x0800db14                PROVIDE (__preinit_array_start = .)
 *(.preinit_array*)
                0x0800db14                PROVIDE (__preinit_array_end = .)

.init_array     0x0800db14        0x8
                0x0800db14                PROVIDE (__init_array_start = .)
 *(SORT_BY_NAME(.init_array.*))
 .init_array.00000
                0x0800db14        0x4 d:/stm32cubemx/gcc-arm-none-eabi-10.3-2021.10-win32/gcc-arm-none-eabi-10.3-2021.10/bin/../lib/gcc/arm-none-eabi/10.3.1/../../../../arm-none-eabi/lib/thumb/v7-m/nofp\libg.a(lib_a-__call_atexit.o)
 *(.init_array*)
 .init_array    0x0800db18        0x4 d:/stm32cubemx/gcc-arm-none-eabi-10.3-2021.10-win32/gcc-arm-none-eabi-10.3-2021.10/bin/../lib/gcc/arm-none-eabi/10.3.1/thumb/v7-m/nofp/crtbegin.o
                0x0800db1c                PROVIDE (__init_array_end = .)

.fini_array     0x0800db1c        0x4
                0x0800db1c                PROVIDE (__fini_array_start = .)
 *(SORT_BY_NAME(.fini_array.*))
 *(.fini_array*)
 .fini_array    0x0800db1c        0x4 d:/stm32cubemx/gcc-arm-none-eabi-10.3-2021.10-win32/gcc-arm-none-eabi-10.3-2021.10/bin/../lib/gcc/arm-none-eabi/10.3.1/thumb/v7-m/nofp/crtbegin.o
                0x0800db20                PROVIDE (__fini_array_end = .)
                0x0800db20                _sidata = LOADADDR (.data)

.data           0x20000000      0x9bc load address 0x0800db20
                0x20000000                . = ALIGN (0x4)
                0x20000000                _sdata = .
 *(.data)
 *(.data*)
 .data.SystemCoreClock
                0x20000000        0x4 CMakeFiles/My_First_project.elf.dir/Core/Src/system_stm32f1xx.c.obj
                0x20000000                SystemCoreClock
 .data.uwTickFreq
                0x20000004        0x1 CMakeFiles/My_First_project.elf.dir/Drivers/STM32F1xx_HAL_Driver/Src/stm32f1xx_hal.c.obj
                0x20000004                uwTickFreq
 *fill*         0x20000005        0x3 
 .data.uwTickPrio
                0x20000008        0x4 CMakeFiles/My_First_project.elf.dir/Drivers/STM32F1xx_HAL_Driver/Src/stm32f1xx_hal.c.obj
                0x20000008                uwTickPrio
 .data._impure_ptr
                0x2000000c        0x4 d:/stm32cubemx/gcc-arm-none-eabi-10.3-2021.10-win32/gcc-arm-none-eabi-10.3-2021.10/bin/../lib/gcc/arm-none-eabi/10.3.1/../../../../arm-none-eabi/lib/thumb/v7-m/nofp\libg.a(lib_a-impure.o)
                0x2000000c                _impure_ptr
 .data.impure_data
                0x20000010      0x428 d:/stm32cubemx/gcc-arm-none-eabi-10.3-2021.10-win32/gcc-arm-none-eabi-10.3-2021.10/bin/../lib/gcc/arm-none-eabi/10.3.1/../../../../arm-none-eabi/lib/thumb/v7-m/nofp\libg.a(lib_a-impure.o)
 .data.__atexit_recursive_mutex
                0x20000438        0x4 d:/stm32cubemx/gcc-arm-none-eabi-10.3-2021.10-win32/gcc-arm-none-eabi-10.3-2021.10/bin/../lib/gcc/arm-none-eabi/10.3.1/../../../../arm-none-eabi/lib/thumb/v7-m/nofp\libg.a(lib_a-__call_atexit.o)
                0x20000438                __atexit_recursive_mutex
 .data.numempty
                0x2000043c        0x2 d:/stm32cubemx/gcc-arm-none-eabi-10.3-2021.10-win32/gcc-arm-none-eabi-10.3-2021.10/bin/../lib/gcc/arm-none-eabi/10.3.1/../../../../arm-none-eabi/lib/thumb/v7-m/nofp\libg.a(lib_a-lnumeric.o)
 *fill*         0x2000043e        0x2 
 .data.__global_locale
                0x20000440      0x16c d:/stm32cubemx/gcc-arm-none-eabi-10.3-2021.10-win32/gcc-arm-none-eabi-10.3-2021.10/bin/../lib/gcc/arm-none-eabi/10.3.1/../../../../arm-none-eabi/lib/thumb/v7-m/nofp\libg.a(lib_a-locale.o)
                0x20000440                __global_locale
 .data.__malloc_av_
                0x200005ac      0x408 d:/stm32cubemx/gcc-arm-none-eabi-10.3-2021.10-win32/gcc-arm-none-eabi-10.3-2021.10/bin/../lib/gcc/arm-none-eabi/10.3.1/../../../../arm-none-eabi/lib/thumb/v7-m/nofp\libg.a(lib_a-mallocr.o)
                0x200005ac                __malloc_av_
 .data.__malloc_sbrk_base
                0x200009b4        0x4 d:/stm32cubemx/gcc-arm-none-eabi-10.3-2021.10-win32/gcc-arm-none-eabi-10.3-2021.10/bin/../lib/gcc/arm-none-eabi/10.3.1/../../../../arm-none-eabi/lib/thumb/v7-m/nofp\libg.a(lib_a-mallocr.o)
                0x200009b4                __malloc_sbrk_base
 .data.__malloc_trim_threshold
                0x200009b8        0x4 d:/stm32cubemx/gcc-arm-none-eabi-10.3-2021.10-win32/gcc-arm-none-eabi-10.3-2021.10/bin/../lib/gcc/arm-none-eabi/10.3.1/../../../../arm-none-eabi/lib/thumb/v7-m/nofp\libg.a(lib_a-mallocr.o)
                0x200009b8                __malloc_trim_threshold
                0x200009bc                . = ALIGN (0x4)
                0x200009bc                _edata = .

.igot.plt       0x200009bc        0x0 load address 0x0800e4dc
 .igot.plt      0x200009bc        0x0 d:/stm32cubemx/gcc-arm-none-eabi-10.3-2021.10-win32/gcc-arm-none-eabi-10.3-2021.10/bin/../lib/gcc/arm-none-eabi/10.3.1/thumb/v7-m/nofp/crtbegin.o
                0x200009bc                . = ALIGN (0x4)

.bss            0x200009bc      0x2c8 load address 0x0800e4dc
                0x200009bc                _sbss = .
                0x200009bc                __bss_start__ = _sbss
 *(.bss)
 .bss           0x200009bc       0x1c d:/stm32cubemx/gcc-arm-none-eabi-10.3-2021.10-win32/gcc-arm-none-eabi-10.3-2021.10/bin/../lib/gcc/arm-none-eabi/10.3.1/thumb/v7-m/nofp/crtbegin.o
 *(.bss*)
 .bss.button_check_flag
                0x200009d8        0x1 CMakeFiles/My_First_project.elf.dir/Core/Src/main.c.obj
                0x200009d8                button_check_flag
 *fill*         0x200009d9        0x3 
 .bss.button_counter.0
                0x200009dc        0x4 CMakeFiles/My_First_project.elf.dir/Core/Src/main.c.obj
 .bss.button_forward
                0x200009e0        0x8 CMakeFiles/My_First_project.elf.dir/Core/Src/main.c.obj
                0x200009e0                button_forward
 .bss.button_mode
                0x200009e8        0x8 CMakeFiles/My_First_project.elf.dir/Core/Src/main.c.obj
                0x200009e8                button_mode
 .bss.button_reverse
                0x200009f0        0x8 CMakeFiles/My_First_project.elf.dir/Core/Src/main.c.obj
                0x200009f0                button_reverse
 .bss.click_count.3
                0x200009f8        0x1 CMakeFiles/My_First_project.elf.dir/Core/Src/main.c.obj
 *fill*         0x200009f9        0x3 
 .bss.cmd_process_count
                0x200009fc        0x4 CMakeFiles/My_First_project.elf.dir/Core/Src/main.c.obj
                0x200009fc                cmd_process_count
 .bss.cmd_ready
                0x20000a00        0x1 CMakeFiles/My_First_project.elf.dir/Core/Src/main.c.obj
                0x20000a00                cmd_ready
 .bss.control_flag
                0x20000a01        0x1 CMakeFiles/My_First_project.elf.dir/Core/Src/main.c.obj
                0x20000a01                control_flag
 *fill*         0x20000a02        0x2 
 .bss.data_counter.2
                0x20000a04        0x4 CMakeFiles/My_First_project.elf.dir/Core/Src/main.c.obj
 .bss.last_check_time.5
                0x20000a08        0x4 CMakeFiles/My_First_project.elf.dir/Core/Src/main.c.obj
 .bss.last_mode_press.4
                0x20000a0c        0x4 CMakeFiles/My_First_project.elf.dir/Core/Src/main.c.obj
 .bss.motor     0x20000a10       0x34 CMakeFiles/My_First_project.elf.dir/Core/Src/main.c.obj
                0x20000a10                motor
 .bss.position_pid
                0x20000a44       0x3c CMakeFiles/My_First_project.elf.dir/Core/Src/main.c.obj
                0x20000a44                position_pid
 .bss.rx_byte   0x20000a80        0x1 CMakeFiles/My_First_project.elf.dir/Core/Src/main.c.obj
                0x20000a80                rx_byte
 *fill*         0x20000a81        0x3 
 .bss.speed_pid
                0x20000a84       0x3c CMakeFiles/My_First_project.elf.dir/Core/Src/main.c.obj
                0x20000a84                speed_pid
 .bss.status_counter.1
                0x20000ac0        0x4 CMakeFiles/My_First_project.elf.dir/Core/Src/main.c.obj
 .bss.sys_status
                0x20000ac4        0x8 CMakeFiles/My_First_project.elf.dir/Core/Src/main.c.obj
                0x20000ac4                sys_status
 .bss.uart_cmd  0x20000acc       0x40 CMakeFiles/My_First_project.elf.dir/Core/Src/main.c.obj
                0x20000acc                uart_cmd
 .bss.uart_index
                0x20000b0c        0x1 CMakeFiles/My_First_project.elf.dir/Core/Src/main.c.obj
                0x20000b0c                uart_index
 *fill*         0x20000b0d        0x3 
 .bss.uart_int_count
                0x20000b10        0x4 CMakeFiles/My_First_project.elf.dir/Core/Src/main.c.obj
                0x20000b10                uart_int_count
 .bss.heap_end.0
                0x20000b14        0x4 CMakeFiles/My_First_project.elf.dir/Core/Src/syscalls.c.obj
 .bss.htim1     0x20000b18       0x48 CMakeFiles/My_First_project.elf.dir/Core/Src/tim.c.obj
                0x20000b18                htim1
 .bss.htim2     0x20000b60       0x48 CMakeFiles/My_First_project.elf.dir/Core/Src/tim.c.obj
                0x20000b60                htim2
 .bss.htim3     0x20000ba8       0x48 CMakeFiles/My_First_project.elf.dir/Core/Src/tim.c.obj
                0x20000ba8                htim3
 .bss.huart2    0x20000bf0       0x48 CMakeFiles/My_First_project.elf.dir/Core/Src/usart.c.obj
                0x20000bf0                huart2
 .bss.uwTick    0x20000c38        0x4 CMakeFiles/My_First_project.elf.dir/Drivers/STM32F1xx_HAL_Driver/Src/stm32f1xx_hal.c.obj
                0x20000c38                uwTick
 .bss.__lock___atexit_recursive_mutex
                0x20000c3c        0x1 d:/stm32cubemx/gcc-arm-none-eabi-10.3-2021.10-win32/gcc-arm-none-eabi-10.3-2021.10/bin/../lib/gcc/arm-none-eabi/10.3.1/../../../../arm-none-eabi/lib/thumb/v7-m/nofp\libg.a(lib_a-lock.o)
                0x20000c3c                __lock___atexit_recursive_mutex
 *fill*         0x20000c3d        0x3 
 .bss.__lock___malloc_recursive_mutex
                0x20000c40        0x1 d:/stm32cubemx/gcc-arm-none-eabi-10.3-2021.10-win32/gcc-arm-none-eabi-10.3-2021.10/bin/../lib/gcc/arm-none-eabi/10.3.1/../../../../arm-none-eabi/lib/thumb/v7-m/nofp\libg.a(lib_a-lock.o)
                0x20000c40                __lock___malloc_recursive_mutex
 *fill*         0x20000c41        0x3 
 .bss.__lock___sfp_recursive_mutex
                0x20000c44        0x1 d:/stm32cubemx/gcc-arm-none-eabi-10.3-2021.10-win32/gcc-arm-none-eabi-10.3-2021.10/bin/../lib/gcc/arm-none-eabi/10.3.1/../../../../arm-none-eabi/lib/thumb/v7-m/nofp\libg.a(lib_a-lock.o)
                0x20000c44                __lock___sfp_recursive_mutex
 *fill*         0x20000c45        0x3 
 .bss.__lock___sinit_recursive_mutex
                0x20000c48        0x1 d:/stm32cubemx/gcc-arm-none-eabi-10.3-2021.10-win32/gcc-arm-none-eabi-10.3-2021.10/bin/../lib/gcc/arm-none-eabi/10.3.1/../../../../arm-none-eabi/lib/thumb/v7-m/nofp\libg.a(lib_a-lock.o)
                0x20000c48                __lock___sinit_recursive_mutex
 *fill*         0x20000c49        0x3 
 .bss.__malloc_current_mallinfo
                0x20000c4c       0x28 d:/stm32cubemx/gcc-arm-none-eabi-10.3-2021.10-win32/gcc-arm-none-eabi-10.3-2021.10/bin/../lib/gcc/arm-none-eabi/10.3.1/../../../../arm-none-eabi/lib/thumb/v7-m/nofp\libg.a(lib_a-mallocr.o)
                0x20000c4c                __malloc_current_mallinfo
 .bss.__malloc_max_sbrked_mem
                0x20000c74        0x4 d:/stm32cubemx/gcc-arm-none-eabi-10.3-2021.10-win32/gcc-arm-none-eabi-10.3-2021.10/bin/../lib/gcc/arm-none-eabi/10.3.1/../../../../arm-none-eabi/lib/thumb/v7-m/nofp\libg.a(lib_a-mallocr.o)
                0x20000c74                __malloc_max_sbrked_mem
 .bss.__malloc_max_total_mem
                0x20000c78        0x4 d:/stm32cubemx/gcc-arm-none-eabi-10.3-2021.10-win32/gcc-arm-none-eabi-10.3-2021.10/bin/../lib/gcc/arm-none-eabi/10.3.1/../../../../arm-none-eabi/lib/thumb/v7-m/nofp\libg.a(lib_a-mallocr.o)
                0x20000c78                __malloc_max_total_mem
 .bss.__malloc_top_pad
                0x20000c7c        0x4 d:/stm32cubemx/gcc-arm-none-eabi-10.3-2021.10-win32/gcc-arm-none-eabi-10.3-2021.10/bin/../lib/gcc/arm-none-eabi/10.3.1/../../../../arm-none-eabi/lib/thumb/v7-m/nofp\libg.a(lib_a-mallocr.o)
                0x20000c7c                __malloc_top_pad
 .bss.errno     0x20000c80        0x4 d:/stm32cubemx/gcc-arm-none-eabi-10.3-2021.10-win32/gcc-arm-none-eabi-10.3-2021.10/bin/../lib/gcc/arm-none-eabi/10.3.1/../../../../arm-none-eabi/lib/thumb/v7-m/nofp\libg.a(lib_a-reent.o)
                0x20000c80                errno
 *(COMMON)
                0x20000c84                . = ALIGN (0x4)
                0x20000c84                _ebss = .
                0x20000c84                __bss_end__ = _ebss

._user_heap_stack
                0x20000c84      0x604 load address 0x0800e4dc
                0x20000c88                . = ALIGN (0x8)
 *fill*         0x20000c84        0x4 
                0x20000c88                PROVIDE (end = .)
                [!provide]                PROVIDE (_end = .)
                0x20000e88                . = (. + _Min_Heap_Size)
 *fill*         0x20000c88      0x200 
                0x20001288                . = (. + _Min_Stack_Size)
 *fill*         0x20000e88      0x400 
                0x20001288                . = ALIGN (0x8)

/DISCARD/
 libc.a(*)
 libm.a(*)
 libgcc.a(*)

.ARM.attributes
                0x00000000       0x29
 *(.ARM.attributes)
 .ARM.attributes
                0x00000000       0x1d d:/stm32cubemx/gcc-arm-none-eabi-10.3-2021.10-win32/gcc-arm-none-eabi-10.3-2021.10/bin/../lib/gcc/arm-none-eabi/10.3.1/thumb/v7-m/nofp/crti.o
 .ARM.attributes
                0x0000001d       0x2d d:/stm32cubemx/gcc-arm-none-eabi-10.3-2021.10-win32/gcc-arm-none-eabi-10.3-2021.10/bin/../lib/gcc/arm-none-eabi/10.3.1/thumb/v7-m/nofp/crtbegin.o
 .ARM.attributes
                0x0000004a       0x2d CMakeFiles/My_First_project.elf.dir/Core/Src/gpio.c.obj
 .ARM.attributes
                0x00000077       0x2d CMakeFiles/My_First_project.elf.dir/Core/Src/main.c.obj
 .ARM.attributes
                0x000000a4       0x2d CMakeFiles/My_First_project.elf.dir/Core/Src/stm32f1xx_hal_msp.c.obj
 .ARM.attributes
                0x000000d1       0x2d CMakeFiles/My_First_project.elf.dir/Core/Src/stm32f1xx_it.c.obj
 .ARM.attributes
                0x000000fe       0x2d CMakeFiles/My_First_project.elf.dir/Core/Src/syscalls.c.obj
 .ARM.attributes
                0x0000012b       0x2d CMakeFiles/My_First_project.elf.dir/Core/Src/system_stm32f1xx.c.obj
 .ARM.attributes
                0x00000158       0x2d CMakeFiles/My_First_project.elf.dir/Core/Src/tim.c.obj
 .ARM.attributes
                0x00000185       0x2d CMakeFiles/My_First_project.elf.dir/Core/Src/usart.c.obj
 .ARM.attributes
                0x000001b2       0x2d CMakeFiles/My_First_project.elf.dir/Drivers/STM32F1xx_HAL_Driver/Src/stm32f1xx_hal.c.obj
 .ARM.attributes
                0x000001df       0x2d CMakeFiles/My_First_project.elf.dir/Drivers/STM32F1xx_HAL_Driver/Src/stm32f1xx_hal_cortex.c.obj
 .ARM.attributes
                0x0000020c       0x2d CMakeFiles/My_First_project.elf.dir/Drivers/STM32F1xx_HAL_Driver/Src/stm32f1xx_hal_dma.c.obj
 .ARM.attributes
                0x00000239       0x2d CMakeFiles/My_First_project.elf.dir/Drivers/STM32F1xx_HAL_Driver/Src/stm32f1xx_hal_gpio.c.obj
 .ARM.attributes
                0x00000266       0x2d CMakeFiles/My_First_project.elf.dir/Drivers/STM32F1xx_HAL_Driver/Src/stm32f1xx_hal_rcc.c.obj
 .ARM.attributes
                0x00000293       0x2d CMakeFiles/My_First_project.elf.dir/Drivers/STM32F1xx_HAL_Driver/Src/stm32f1xx_hal_tim.c.obj
 .ARM.attributes
                0x000002c0       0x2d CMakeFiles/My_First_project.elf.dir/Drivers/STM32F1xx_HAL_Driver/Src/stm32f1xx_hal_tim_ex.c.obj
 .ARM.attributes
                0x000002ed       0x2d CMakeFiles/My_First_project.elf.dir/Drivers/STM32F1xx_HAL_Driver/Src/stm32f1xx_hal_uart.c.obj
 .ARM.attributes
                0x0000031a       0x21 CMakeFiles/My_First_project.elf.dir/startup/startup_stm32f103xb.s.obj
 .ARM.attributes
                0x0000033b       0x1d d:/stm32cubemx/gcc-arm-none-eabi-10.3-2021.10-win32/gcc-arm-none-eabi-10.3-2021.10/bin/../lib/gcc/arm-none-eabi/10.3.1/thumb/v7-m/nofp\libgcc.a(_arm_addsubdf3.o)
 .ARM.attributes